[2026-06-28T14:59:12.480+0000] {manager.py:483} INFO - Processing files using up to 1 processes at a time 
[2026-06-28T14:59:12.481+0000] {manager.py:484} INFO - Process each file at most once every 30 seconds
[2026-06-28T14:59:12.486+0000] {manager.py:485} INFO - Checking for new files in /app/dags every 300 seconds
[2026-06-28T14:59:12.488+0000] {manager.py:821} INFO - Searching for files in /app/dags
[2026-06-28T14:59:12.495+0000] {manager.py:824} INFO - There are 0 files in /app/dags
[2026-06-28T15:04:12.695+0000] {manager.py:821} INFO - Searching for files in /app/dags
[2026-06-28T15:04:12.705+0000] {manager.py:824} INFO - There are 0 files in /app/dags
[2026-06-28T15:09:13.392+0000] {manager.py:821} INFO - Searching for files in /app/dags
[2026-06-28T15:09:13.499+0000] {manager.py:824} INFO - There are 1 files in /app/dags
[2026-06-28T15:09:24.744+0000] {manager.py:465} INFO - Exiting gracefully upon receiving signal 15
[2026-06-28T15:10:31.588+0000] {manager.py:483} INFO - Processing files using up to 1 processes at a time 
[2026-06-28T15:10:31.589+0000] {manager.py:484} INFO - Process each file at most once every 30 seconds
[2026-06-28T15:10:31.592+0000] {manager.py:485} INFO - Checking for new files in /app/dags every 300 seconds
[2026-06-28T15:10:31.599+0000] {manager.py:821} INFO - Searching for files in /app/dags
[2026-06-28T15:10:31.704+0000] {manager.py:824} INFO - There are 1 files in /app/dags
[2026-06-28T15:10:32.854+0000] {manager.py:997} INFO - 
================================================================================
DAG File Processing Stats

File Path             PID    Runtime      # DAGs    # Errors  Last Runtime    Last Run               Last # of DB Queries
--------------------  -----  ---------  --------  ----------  --------------  -------------------  ----------------------
/app/dags/Airflow.py                           1           0  0.82s           2026-06-28T15:10:32                      12
================================================================================
[2026-06-28T15:11:07.170+0000] {manager.py:997} INFO - 
================================================================================
DAG File Processing Stats

File Path             PID    Runtime      # DAGs    # Errors  Last Runtime    Last Run               Last # of DB Queries
--------------------  -----  ---------  --------  ----------  --------------  -------------------  ----------------------
/app/dags/Airflow.py                           1           0  1.07s           2026-06-28T15:11:05                      12
================================================================================
[2026-06-28T15:11:39.948+0000] {manager.py:997} INFO - 
================================================================================
DAG File Processing Stats

File Path             PID    Runtime      # DAGs    # Errors  Last Runtime    Last Run               Last # of DB Queries
--------------------  -----  ---------  --------  ----------  --------------  -------------------  ----------------------
/app/dags/Airflow.py                           1           0  0.32s           2026-06-28T15:11:36                      12
================================================================================
[2026-06-28T15:12:14.276+0000] {manager.py:997} INFO - 
================================================================================
DAG File Processing Stats

File Path             PID    Runtime      # DAGs    # Errors  Last Runtime    Last Run               Last # of DB Queries
--------------------  -----  ---------  --------  ----------  --------------  -------------------  ----------------------
/app/dags/Airflow.py                           1           0  1.76s           2026-06-28T15:12:09                      12
================================================================================
[2026-06-28T15:12:47.679+0000] {manager.py:997} INFO - 
================================================================================
DAG File Processing Stats

File Path             PID    Runtime      # DAGs    # Errors  Last Runtime    Last Run               Last # of DB Queries
--------------------  -----  ---------  --------  ----------  --------------  -------------------  ----------------------
/app/dags/Airflow.py                           1           0  0.42s           2026-06-28T15:12:40                      12
================================================================================
[2026-06-28T15:13:20.845+0000] {manager.py:997} INFO - 
================================================================================
DAG File Processing Stats

File Path             PID    Runtime      # DAGs    # Errors  Last Runtime    Last Run               Last # of DB Queries
--------------------  -----  ---------  --------  ----------  --------------  -------------------  ----------------------
/app/dags/Airflow.py                           1           0  0.61s           2026-06-28T15:13:12                      12
================================================================================
[2026-06-28T15:13:53.853+0000] {manager.py:997} INFO - 
================================================================================
DAG File Processing Stats

File Path             PID    Runtime      # DAGs    # Errors  Last Runtime    Last Run               Last # of DB Queries
--------------------  -----  ---------  --------  ----------  --------------  -------------------  ----------------------
/app/dags/Airflow.py                           1           0  0.88s           2026-06-28T15:13:43                      12
================================================================================
[2026-06-28T15:14:26.977+0000] {manager.py:997} INFO - 
================================================================================
DAG File Processing Stats

File Path             PID    Runtime      # DAGs    # Errors  Last Runtime    Last Run               Last # of DB Queries
--------------------  -----  ---------  --------  ----------  --------------  -------------------  ----------------------
/app/dags/Airflow.py                           1           0  0.31s           2026-06-28T15:14:14                      12
================================================================================
[2026-06-28T15:14:59.834+0000] {manager.py:997} INFO - 
================================================================================
DAG File Processing Stats

File Path             PID    Runtime      # DAGs    # Errors  Last Runtime    Last Run               Last # of DB Queries
--------------------  -----  ---------  --------  ----------  --------------  -------------------  ----------------------
/app/dags/Airflow.py                           1           0  0.52s           2026-06-28T15:14:45                      12
================================================================================
[2026-06-28T15:15:31.787+0000] {manager.py:821} INFO - Searching for files in /app/dags
[2026-06-28T15:15:31.841+0000] {manager.py:824} INFO - There are 1 files in /app/dags
[2026-06-28T15:15:33.220+0000] {manager.py:997} INFO - 
================================================================================
DAG File Processing Stats

File Path             PID    Runtime      # DAGs    # Errors  Last Runtime    Last Run               Last # of DB Queries
--------------------  -----  ---------  --------  ----------  --------------  -------------------  ----------------------
/app/dags/Airflow.py                           1           0  0.33s           2026-06-28T15:15:16                      12
================================================================================
[2026-06-28T15:16:06.256+0000] {manager.py:997} INFO - 
================================================================================
DAG File Processing Stats

File Path             PID    Runtime      # DAGs    # Errors  Last Runtime    Last Run               Last # of DB Queries
--------------------  -----  ---------  --------  ----------  --------------  -------------------  ----------------------
/app/dags/Airflow.py                           1           0  0.41s           2026-06-28T15:15:48                      12
================================================================================
[2026-06-28T15:16:59.426+0000] {manager.py:997} INFO - 
================================================================================
DAG File Processing Stats

File Path             PID    Runtime      # DAGs    # Errors  Last Runtime    Last Run               Last # of DB Queries
--------------------  -----  ---------  --------  ----------  --------------  -------------------  ----------------------
/app/dags/Airflow.py                           1           0  1.28s           2026-06-28T15:16:59                      12
================================================================================
[2026-06-28T15:17:48.741+0000] {manager.py:997} INFO - 
================================================================================
DAG File Processing Stats

File Path             PID    Runtime      # DAGs    # Errors  Last Runtime    Last Run               Last # of DB Queries
--------------------  -----  ---------  --------  ----------  --------------  -------------------  ----------------------
/app/dags/Airflow.py                           1           0  3.65s           2026-06-28T15:17:48                      12
================================================================================
[2026-06-28T15:18:35.250+0000] {manager.py:997} INFO - 
================================================================================
DAG File Processing Stats

File Path             PID    Runtime      # DAGs    # Errors  Last Runtime    Last Run               Last # of DB Queries
--------------------  -----  ---------  --------  ----------  --------------  -------------------  ----------------------
/app/dags/Airflow.py                           1           0  0.72s           2026-06-28T15:18:35                      12
================================================================================
[2026-06-28T15:19:15.383+0000] {manager.py:997} INFO - 
================================================================================
DAG File Processing Stats

File Path             PID    Runtime      # DAGs    # Errors  Last Runtime    Last Run               Last # of DB Queries
--------------------  -----  ---------  --------  ----------  --------------  -------------------  ----------------------
/app/dags/Airflow.py                           1           0  0.41s           2026-06-28T15:19:15                      12
================================================================================
[2026-06-28T15:19:51.294+0000] {manager.py:997} INFO - 
================================================================================
DAG File Processing Stats

File Path             PID    Runtime      # DAGs    # Errors  Last Runtime    Last Run               Last # of DB Queries
--------------------  -----  ---------  --------  ----------  --------------  -------------------  ----------------------
/app/dags/Airflow.py                           1           0  2.01s           2026-06-28T15:19:51                      33
================================================================================
[2026-06-28T15:20:24.044+0000] {manager.py:997} INFO - 
================================================================================
DAG File Processing Stats

File Path             PID    Runtime      # DAGs    # Errors  Last Runtime    Last Run               Last # of DB Queries
--------------------  -----  ---------  --------  ----------  --------------  -------------------  ----------------------
/app/dags/Airflow.py                           1           0  0.31s           2026-06-28T15:20:22                      12
================================================================================
[2026-06-28T15:20:33.103+0000] {manager.py:821} INFO - Searching for files in /app/dags
[2026-06-28T15:20:33.142+0000] {manager.py:824} INFO - There are 1 files in /app/dags
[2026-06-28T15:20:57.600+0000] {manager.py:997} INFO - 
================================================================================
DAG File Processing Stats

File Path             PID    Runtime      # DAGs    # Errors  Last Runtime    Last Run               Last # of DB Queries
--------------------  -----  ---------  --------  ----------  --------------  -------------------  ----------------------
/app/dags/Airflow.py                           1           0  0.31s           2026-06-28T15:20:52                      12
================================================================================
[2026-06-28T15:21:31.164+0000] {manager.py:997} INFO - 
================================================================================
DAG File Processing Stats

File Path             PID    Runtime      # DAGs    # Errors  Last Runtime    Last Run               Last # of DB Queries
--------------------  -----  ---------  --------  ----------  --------------  -------------------  ----------------------
/app/dags/Airflow.py                           1           0  0.82s           2026-06-28T15:21:24                      12
================================================================================
[2026-06-28T15:22:03.952+0000] {manager.py:997} INFO - 
================================================================================
DAG File Processing Stats

File Path             PID    Runtime      # DAGs    # Errors  Last Runtime    Last Run               Last # of DB Queries
--------------------  -----  ---------  --------  ----------  --------------  -------------------  ----------------------
/app/dags/Airflow.py                           1           0  0.41s           2026-06-28T15:21:55                      12
================================================================================
[2026-06-28T15:22:37.352+0000] {manager.py:997} INFO - 
================================================================================
DAG File Processing Stats

File Path             PID    Runtime      # DAGs    # Errors  Last Runtime    Last Run               Last # of DB Queries
--------------------  -----  ---------  --------  ----------  --------------  -------------------  ----------------------
/app/dags/Airflow.py                           1           0  0.52s           2026-06-28T15:22:26                      12
================================================================================
[2026-06-28T15:23:11.163+0000] {manager.py:997} INFO - 
================================================================================
DAG File Processing Stats

File Path             PID    Runtime      # DAGs    # Errors  Last Runtime    Last Run               Last # of DB Queries
--------------------  -----  ---------  --------  ----------  --------------  -------------------  ----------------------
/app/dags/Airflow.py                           1           0  1.44s           2026-06-28T15:22:59                      12
================================================================================
[2026-06-28T15:23:44.463+0000] {manager.py:997} INFO - 
================================================================================
DAG File Processing Stats

File Path             PID    Runtime      # DAGs    # Errors  Last Runtime    Last Run               Last # of DB Queries
--------------------  -----  ---------  --------  ----------  --------------  -------------------  ----------------------
/app/dags/Airflow.py                           1           0  1.12s           2026-06-28T15:23:30                      12
================================================================================
[2026-06-28T15:24:17.590+0000] {manager.py:997} INFO - 
================================================================================
DAG File Processing Stats

File Path             PID    Runtime      # DAGs    # Errors  Last Runtime    Last Run               Last # of DB Queries
--------------------  -----  ---------  --------  ----------  --------------  -------------------  ----------------------
/app/dags/Airflow.py                           1           0  0.30s           2026-06-28T15:24:01                      12
================================================================================
[2026-06-28T15:24:50.677+0000] {manager.py:997} INFO - 
================================================================================
DAG File Processing Stats

File Path             PID    Runtime      # DAGs    # Errors  Last Runtime    Last Run               Last # of DB Queries
--------------------  -----  ---------  --------  ----------  --------------  -------------------  ----------------------
/app/dags/Airflow.py                           1           0  0.31s           2026-06-28T15:24:31                      12
================================================================================
[2026-06-28T15:25:23.392+0000] {manager.py:997} INFO - 
================================================================================
DAG File Processing Stats

File Path             PID    Runtime      # DAGs    # Errors  Last Runtime    Last Run               Last # of DB Queries
--------------------  -----  ---------  --------  ----------  --------------  -------------------  ----------------------
/app/dags/Airflow.py                           1           0  0.41s           2026-06-28T15:25:02                      12
================================================================================
[2026-06-28T15:25:33.117+0000] {manager.py:821} INFO - Searching for files in /app/dags
[2026-06-28T15:25:33.176+0000] {manager.py:824} INFO - There are 1 files in /app/dags
[2026-06-28T15:25:59.668+0000] {manager.py:997} INFO - 
================================================================================
DAG File Processing Stats

File Path             PID    Runtime      # DAGs    # Errors  Last Runtime    Last Run               Last # of DB Queries
--------------------  -----  ---------  --------  ----------  --------------  -------------------  ----------------------
/app/dags/Airflow.py                           1           0  0.85s           2026-06-28T15:25:34                      12
================================================================================
[2026-06-28T15:26:33.491+0000] {manager.py:997} INFO - 
================================================================================
DAG File Processing Stats

File Path             PID    Runtime      # DAGs    # Errors  Last Runtime    Last Run               Last # of DB Queries
--------------------  -----  ---------  --------  ----------  --------------  -------------------  ----------------------
/app/dags/Airflow.py                           1           0  1.13s           2026-06-28T15:26:05                      12
================================================================================
[2026-06-28T15:27:06.784+0000] {manager.py:997} INFO - 
================================================================================
DAG File Processing Stats

File Path             PID    Runtime      # DAGs    # Errors  Last Runtime    Last Run               Last # of DB Queries
--------------------  -----  ---------  --------  ----------  --------------  -------------------  ----------------------
/app/dags/Airflow.py                           1           0  0.82s           2026-06-28T15:26:37                      12
================================================================================
[2026-06-28T15:27:40.294+0000] {manager.py:997} INFO - 
================================================================================
DAG File Processing Stats

File Path             PID    Runtime      # DAGs    # Errors  Last Runtime    Last Run               Last # of DB Queries
--------------------  -----  ---------  --------  ----------  --------------  -------------------  ----------------------
/app/dags/Airflow.py                           1           0  1.49s           2026-06-28T15:27:10                      12
================================================================================
[2026-06-28T15:28:15.126+0000] {manager.py:997} INFO - 
================================================================================
DAG File Processing Stats

File Path             PID    Runtime      # DAGs    # Errors  Last Runtime    Last Run               Last # of DB Queries
--------------------  -----  ---------  --------  ----------  --------------  -------------------  ----------------------
/app/dags/Airflow.py                           1           0  1.74s           2026-06-28T15:28:15                      12
================================================================================
[2026-06-28T15:28:48.142+0000] {manager.py:997} INFO - 
================================================================================
DAG File Processing Stats

File Path             PID    Runtime      # DAGs    # Errors  Last Runtime    Last Run               Last # of DB Queries
--------------------  -----  ---------  --------  ----------  --------------  -------------------  ----------------------
/app/dags/Airflow.py                           1           0  1.13s           2026-06-28T15:28:46                      12
================================================================================
[2026-06-28T15:29:21.933+0000] {manager.py:997} INFO - 
================================================================================
DAG File Processing Stats

File Path             PID    Runtime      # DAGs    # Errors  Last Runtime    Last Run               Last # of DB Queries
--------------------  -----  ---------  --------  ----------  --------------  -------------------  ----------------------
/app/dags/Airflow.py                           1           0  0.91s           2026-06-28T15:29:18                      12
================================================================================
[2026-06-28T15:29:55.467+0000] {manager.py:997} INFO - 
================================================================================
DAG File Processing Stats

File Path             PID    Runtime      # DAGs    # Errors  Last Runtime    Last Run               Last # of DB Queries
--------------------  -----  ---------  --------  ----------  --------------  -------------------  ----------------------
/app/dags/Airflow.py                           1           0  0.91s           2026-06-28T15:29:50                      12
================================================================================
[2026-06-28T15:30:28.864+0000] {manager.py:997} INFO - 
================================================================================
DAG File Processing Stats

File Path             PID    Runtime      # DAGs    # Errors  Last Runtime    Last Run               Last # of DB Queries
--------------------  -----  ---------  --------  ----------  --------------  -------------------  ----------------------
/app/dags/Airflow.py                           1           0  0.71s           2026-06-28T15:30:22                      12
================================================================================
[2026-06-28T15:30:33.125+0000] {manager.py:821} INFO - Searching for files in /app/dags
[2026-06-28T15:30:33.186+0000] {manager.py:824} INFO - There are 1 files in /app/dags
[2026-06-28T15:31:01.764+0000] {manager.py:997} INFO - 
================================================================================
DAG File Processing Stats

File Path             PID    Runtime      # DAGs    # Errors  Last Runtime    Last Run               Last # of DB Queries
--------------------  -----  ---------  --------  ----------  --------------  -------------------  ----------------------
/app/dags/Airflow.py                           1           0  0.41s           2026-06-28T15:30:54                      12
================================================================================
[2026-06-28T15:31:35.644+0000] {manager.py:997} INFO - 
================================================================================
DAG File Processing Stats

File Path             PID    Runtime      # DAGs    # Errors  Last Runtime    Last Run               Last # of DB Queries
--------------------  -----  ---------  --------  ----------  --------------  -------------------  ----------------------
/app/dags/Airflow.py                           1           0  0.41s           2026-06-28T15:31:28                      12
================================================================================
[2026-06-28T15:32:08.688+0000] {manager.py:997} INFO - 
================================================================================
DAG File Processing Stats

File Path             PID    Runtime      # DAGs    # Errors  Last Runtime    Last Run               Last # of DB Queries
--------------------  -----  ---------  --------  ----------  --------------  -------------------  ----------------------
/app/dags/Airflow.py                           1           0  0.51s           2026-06-28T15:32:00                      12
================================================================================
[2026-06-28T15:32:38.928+0000] {manager.py:997} INFO - 
================================================================================
DAG File Processing Stats

File Path             PID    Runtime      # DAGs    # Errors  Last Runtime    Last Run               Last # of DB Queries
--------------------  -----  ---------  --------  ----------  --------------  -------------------  ----------------------
/app/dags/Airflow.py                           1           0  0.82s           2026-06-28T15:32:32                      12
================================================================================
[2026-06-28T15:33:12.355+0000] {manager.py:997} INFO - 
================================================================================
DAG File Processing Stats

File Path             PID    Runtime      # DAGs    # Errors  Last Runtime    Last Run               Last # of DB Queries
--------------------  -----  ---------  --------  ----------  --------------  -------------------  ----------------------
/app/dags/Airflow.py                           1           0  0.71s           2026-06-28T15:33:03                      12
================================================================================
[2026-06-28T15:33:48.526+0000] {manager.py:997} INFO - 
================================================================================
DAG File Processing Stats

File Path             PID    Runtime      # DAGs    # Errors  Last Runtime    Last Run               Last # of DB Queries
--------------------  -----  ---------  --------  ----------  --------------  -------------------  ----------------------
/app/dags/Airflow.py                           1           0  0.51s           2026-06-28T15:33:33                      12
================================================================================
[2026-06-28T15:34:21.602+0000] {manager.py:997} INFO - 
================================================================================
DAG File Processing Stats

File Path             PID    Runtime      # DAGs    # Errors  Last Runtime    Last Run               Last # of DB Queries
--------------------  -----  ---------  --------  ----------  --------------  -------------------  ----------------------
/app/dags/Airflow.py                           1           0  0.41s           2026-06-28T15:34:04                      12
================================================================================
[2026-06-28T15:34:54.535+0000] {manager.py:997} INFO - 
================================================================================
DAG File Processing Stats

File Path             PID    Runtime      # DAGs    # Errors  Last Runtime    Last Run               Last # of DB Queries
--------------------  -----  ---------  --------  ----------  --------------  -------------------  ----------------------
/app/dags/Airflow.py                           1           0  0.51s           2026-06-28T15:34:35                      12
================================================================================
[2026-06-28T15:35:27.455+0000] {manager.py:997} INFO - 
================================================================================
DAG File Processing Stats

File Path             PID    Runtime      # DAGs    # Errors  Last Runtime    Last Run               Last # of DB Queries
--------------------  -----  ---------  --------  ----------  --------------  -------------------  ----------------------
/app/dags/Airflow.py                           1           0  0.74s           2026-06-28T15:35:06                      12
================================================================================
[2026-06-28T15:35:33.849+0000] {manager.py:821} INFO - Searching for files in /app/dags
[2026-06-28T15:35:34.244+0000] {manager.py:824} INFO - There are 1 files in /app/dags
[2026-06-28T15:36:01.275+0000] {manager.py:997} INFO - 
================================================================================
DAG File Processing Stats

File Path             PID    Runtime      # DAGs    # Errors  Last Runtime    Last Run               Last # of DB Queries
--------------------  -----  ---------  --------  ----------  --------------  -------------------  ----------------------
/app/dags/Airflow.py                           1           0  0.76s           2026-06-28T15:35:37                      12
================================================================================
[2026-06-28T15:36:32.182+0000] {manager.py:997} INFO - 
================================================================================
DAG File Processing Stats

File Path             PID    Runtime      # DAGs    # Errors  Last Runtime    Last Run               Last # of DB Queries
--------------------  -----  ---------  --------  ----------  --------------  -------------------  ----------------------
/app/dags/Airflow.py                           1           0  0.41s           2026-06-28T15:36:08                      12
================================================================================
[2026-06-28T15:37:03.383+0000] {manager.py:997} INFO - 
================================================================================
DAG File Processing Stats

File Path             PID    Runtime      # DAGs    # Errors  Last Runtime    Last Run               Last # of DB Queries
--------------------  -----  ---------  --------  ----------  --------------  -------------------  ----------------------
/app/dags/Airflow.py                           1           0  0.51s           2026-06-28T15:36:39                      12
================================================================================
[2026-06-28T15:37:37.154+0000] {manager.py:997} INFO - 
================================================================================
DAG File Processing Stats

File Path             PID    Runtime      # DAGs    # Errors  Last Runtime    Last Run               Last # of DB Queries
--------------------  -----  ---------  --------  ----------  --------------  -------------------  ----------------------
/app/dags/Airflow.py                           1           0  0.52s           2026-06-28T15:37:11                      12
================================================================================
[2026-06-28T15:38:09.086+0000] {manager.py:997} INFO - 
================================================================================
DAG File Processing Stats

File Path             PID    Runtime      # DAGs    # Errors  Last Runtime    Last Run               Last # of DB Queries
--------------------  -----  ---------  --------  ----------  --------------  -------------------  ----------------------
/app/dags/Airflow.py                           1           0  0.73s           2026-06-28T15:37:42                      12
================================================================================
[2026-06-28T15:38:42.869+0000] {manager.py:997} INFO - 
================================================================================
DAG File Processing Stats

File Path             PID    Runtime      # DAGs    # Errors  Last Runtime    Last Run               Last # of DB Queries
--------------------  -----  ---------  --------  ----------  --------------  -------------------  ----------------------
/app/dags/Airflow.py                           1           0  0.41s           2026-06-28T15:38:13                      12
================================================================================
[2026-06-28T15:39:16.190+0000] {manager.py:997} INFO - 
================================================================================
DAG File Processing Stats

File Path             PID    Runtime      # DAGs    # Errors  Last Runtime    Last Run               Last # of DB Queries
--------------------  -----  ---------  --------  ----------  --------------  -------------------  ----------------------
/app/dags/Airflow.py                           1           0  0.51s           2026-06-28T15:39:16                      12
================================================================================
[2026-06-28T15:39:49.599+0000] {manager.py:997} INFO - 
================================================================================
DAG File Processing Stats

File Path             PID    Runtime      # DAGs    # Errors  Last Runtime    Last Run               Last # of DB Queries
--------------------  -----  ---------  --------  ----------  --------------  -------------------  ----------------------
/app/dags/Airflow.py                           1           0  0.51s           2026-06-28T15:39:48                      12
================================================================================
[2026-06-28T15:40:22.734+0000] {manager.py:997} INFO - 
================================================================================
DAG File Processing Stats

File Path             PID    Runtime      # DAGs    # Errors  Last Runtime    Last Run               Last # of DB Queries
--------------------  -----  ---------  --------  ----------  --------------  -------------------  ----------------------
/app/dags/Airflow.py                           1           0  1.03s           2026-06-28T15:40:20                      12
================================================================================
[2026-06-28T15:40:37.529+0000] {manager.py:821} INFO - Searching for files in /app/dags
[2026-06-28T15:40:37.584+0000] {manager.py:824} INFO - There are 1 files in /app/dags
[2026-06-28T15:40:56.536+0000] {manager.py:997} INFO - 
================================================================================
DAG File Processing Stats

File Path             PID    Runtime      # DAGs    # Errors  Last Runtime    Last Run               Last # of DB Queries
--------------------  -----  ---------  --------  ----------  --------------  -------------------  ----------------------
/app/dags/Airflow.py                           1           0  1.84s           2026-06-28T15:40:53                      12
================================================================================
[2026-06-28T15:41:29.711+0000] {manager.py:997} INFO - 
================================================================================
DAG File Processing Stats

File Path             PID    Runtime      # DAGs    # Errors  Last Runtime    Last Run               Last # of DB Queries
--------------------  -----  ---------  --------  ----------  --------------  -------------------  ----------------------
/app/dags/Airflow.py                           1           0  0.41s           2026-06-28T15:41:24                      12
================================================================================
[2026-06-28T15:42:04.058+0000] {manager.py:997} INFO - 
================================================================================
DAG File Processing Stats

File Path             PID    Runtime      # DAGs    # Errors  Last Runtime    Last Run               Last # of DB Queries
--------------------  -----  ---------  --------  ----------  --------------  -------------------  ----------------------
/app/dags/Airflow.py                           1           0  2.78s           2026-06-28T15:42:04                      12
================================================================================
[2026-06-28T15:42:37.830+0000] {manager.py:997} INFO - 
================================================================================
DAG File Processing Stats

File Path             PID    Runtime      # DAGs    # Errors  Last Runtime    Last Run               Last # of DB Queries
--------------------  -----  ---------  --------  ----------  --------------  -------------------  ----------------------
/app/dags/Airflow.py                           1           0  0.63s           2026-06-28T15:42:35                      12
================================================================================
