[2026-06-28T15:09:14.140+0000] {processor.py:186} INFO - Started process (PID=41) to work on /app/dags/Airflow.py
[2026-06-28T15:09:14.145+0000] {processor.py:914} INFO - Processing file /app/dags/Airflow.py for tasks to queue
[2026-06-28T15:09:14.178+0000] {logging_mixin.py:190} INFO - [2026-06-28T15:09:14.172+0000] {dagbag.py:588} INFO - Filling up the DagBag from /app/dags/Airflow.py
[2026-06-28T15:09:14.393+0000] {processor.py:925} INFO - DAG(s) 'ml_pipeline' retrieved from /app/dags/Airflow.py
[2026-06-28T15:09:16.128+0000] {logging_mixin.py:190} INFO - [2026-06-28T15:09:16.125+0000] {override.py:1912} INFO - Created Permission View: can edit on DAG:ml_pipeline
[2026-06-28T15:09:16.216+0000] {logging_mixin.py:190} INFO - [2026-06-28T15:09:16.216+0000] {override.py:1912} INFO - Created Permission View: can read on DAG:ml_pipeline
[2026-06-28T15:09:16.282+0000] {logging_mixin.py:190} INFO - [2026-06-28T15:09:16.282+0000] {override.py:1912} INFO - Created Permission View: can delete on DAG:ml_pipeline
[2026-06-28T15:09:16.394+0000] {logging_mixin.py:190} INFO - [2026-06-28T15:09:16.393+0000] {override.py:1912} INFO - Created Permission View: can read on DAG Run:ml_pipeline
[2026-06-28T15:09:16.463+0000] {logging_mixin.py:190} INFO - [2026-06-28T15:09:16.463+0000] {override.py:1912} INFO - Created Permission View: can delete on DAG Run:ml_pipeline
[2026-06-28T15:09:16.532+0000] {logging_mixin.py:190} INFO - [2026-06-28T15:09:16.531+0000] {override.py:1912} INFO - Created Permission View: can create on DAG Run:ml_pipeline
[2026-06-28T15:09:16.598+0000] {logging_mixin.py:190} INFO - [2026-06-28T15:09:16.598+0000] {override.py:1912} INFO - Created Permission View: menu access on DAG Run:ml_pipeline
[2026-06-28T15:09:16.600+0000] {logging_mixin.py:190} INFO - [2026-06-28T15:09:16.600+0000] {dag.py:3239} INFO - Sync 1 DAGs
[2026-06-28T15:09:16.665+0000] {logging_mixin.py:190} INFO - [2026-06-28T15:09:16.665+0000] {dag.py:3262} INFO - Creating ORM DAG for ml_pipeline
[2026-06-28T15:09:16.711+0000] {logging_mixin.py:190} INFO - [2026-06-28T15:09:16.710+0000] {dag.py:4180} INFO - Setting next_dagrun for ml_pipeline to 2023-01-01 00:00:00+00:00, run_after=2023-02-01 00:00:00+00:00
[2026-06-28T15:09:16.834+0000] {processor.py:208} INFO - Processing /app/dags/Airflow.py took 2.745 seconds
[2026-06-28T15:10:32.093+0000] {processor.py:186} INFO - Started process (PID=28) to work on /app/dags/Airflow.py
[2026-06-28T15:10:32.096+0000] {processor.py:914} INFO - Processing file /app/dags/Airflow.py for tasks to queue
[2026-06-28T15:10:32.104+0000] {logging_mixin.py:190} INFO - [2026-06-28T15:10:32.103+0000] {dagbag.py:588} INFO - Filling up the DagBag from /app/dags/Airflow.py
[2026-06-28T15:10:32.220+0000] {processor.py:925} INFO - DAG(s) 'ml_pipeline' retrieved from /app/dags/Airflow.py
[2026-06-28T15:10:32.399+0000] {logging_mixin.py:190} INFO - [2026-06-28T15:10:32.399+0000] {dag.py:3239} INFO - Sync 1 DAGs
[2026-06-28T15:10:32.478+0000] {logging_mixin.py:190} INFO - [2026-06-28T15:10:32.477+0000] {dag.py:4180} INFO - Setting next_dagrun for ml_pipeline to 2023-01-01 00:00:00+00:00, run_after=2023-02-01 00:00:00+00:00
[2026-06-28T15:10:32.763+0000] {processor.py:208} INFO - Processing /app/dags/Airflow.py took 0.687 seconds
[2026-06-28T15:11:04.506+0000] {processor.py:186} INFO - Started process (PID=29) to work on /app/dags/Airflow.py
[2026-06-28T15:11:04.511+0000] {processor.py:914} INFO - Processing file /app/dags/Airflow.py for tasks to queue
[2026-06-28T15:11:04.525+0000] {logging_mixin.py:190} INFO - [2026-06-28T15:11:04.524+0000] {dagbag.py:588} INFO - Filling up the DagBag from /app/dags/Airflow.py
[2026-06-28T15:11:04.623+0000] {processor.py:925} INFO - DAG(s) 'ml_pipeline' retrieved from /app/dags/Airflow.py
[2026-06-28T15:11:04.808+0000] {logging_mixin.py:190} INFO - [2026-06-28T15:11:04.807+0000] {dag.py:3239} INFO - Sync 1 DAGs
[2026-06-28T15:11:04.957+0000] {logging_mixin.py:190} INFO - [2026-06-28T15:11:04.956+0000] {dag.py:4180} INFO - Setting next_dagrun for ml_pipeline to 2023-01-01 00:00:00+00:00, run_after=2023-02-01 00:00:00+00:00
[2026-06-28T15:11:05.433+0000] {processor.py:208} INFO - Processing /app/dags/Airflow.py took 0.954 seconds
[2026-06-28T15:11:36.009+0000] {processor.py:186} INFO - Started process (PID=30) to work on /app/dags/Airflow.py
[2026-06-28T15:11:36.011+0000] {processor.py:914} INFO - Processing file /app/dags/Airflow.py for tasks to queue
[2026-06-28T15:11:36.016+0000] {logging_mixin.py:190} INFO - [2026-06-28T15:11:36.016+0000] {dagbag.py:588} INFO - Filling up the DagBag from /app/dags/Airflow.py
[2026-06-28T15:11:36.059+0000] {processor.py:925} INFO - DAG(s) 'ml_pipeline' retrieved from /app/dags/Airflow.py
[2026-06-28T15:11:36.120+0000] {logging_mixin.py:190} INFO - [2026-06-28T15:11:36.120+0000] {dag.py:3239} INFO - Sync 1 DAGs
[2026-06-28T15:11:36.164+0000] {logging_mixin.py:190} INFO - [2026-06-28T15:11:36.164+0000] {dag.py:4180} INFO - Setting next_dagrun for ml_pipeline to 2023-01-01 00:00:00+00:00, run_after=2023-02-01 00:00:00+00:00
[2026-06-28T15:11:36.271+0000] {processor.py:208} INFO - Processing /app/dags/Airflow.py took 0.272 seconds
[2026-06-28T15:12:08.069+0000] {processor.py:186} INFO - Started process (PID=31) to work on /app/dags/Airflow.py
[2026-06-28T15:12:08.090+0000] {processor.py:914} INFO - Processing file /app/dags/Airflow.py for tasks to queue
[2026-06-28T15:12:08.111+0000] {logging_mixin.py:190} INFO - [2026-06-28T15:12:08.110+0000] {dagbag.py:588} INFO - Filling up the DagBag from /app/dags/Airflow.py
[2026-06-28T15:12:08.482+0000] {processor.py:925} INFO - DAG(s) 'ml_pipeline' retrieved from /app/dags/Airflow.py
[2026-06-28T15:12:08.806+0000] {logging_mixin.py:190} INFO - [2026-06-28T15:12:08.805+0000] {dag.py:3239} INFO - Sync 1 DAGs
[2026-06-28T15:12:08.951+0000] {logging_mixin.py:190} INFO - [2026-06-28T15:12:08.950+0000] {dag.py:4180} INFO - Setting next_dagrun for ml_pipeline to 2023-01-01 00:00:00+00:00, run_after=2023-02-01 00:00:00+00:00
[2026-06-28T15:12:09.302+0000] {processor.py:208} INFO - Processing /app/dags/Airflow.py took 1.277 seconds
[2026-06-28T15:12:40.429+0000] {processor.py:186} INFO - Started process (PID=32) to work on /app/dags/Airflow.py
[2026-06-28T15:12:40.432+0000] {processor.py:914} INFO - Processing file /app/dags/Airflow.py for tasks to queue
[2026-06-28T15:12:40.437+0000] {logging_mixin.py:190} INFO - [2026-06-28T15:12:40.437+0000] {dagbag.py:588} INFO - Filling up the DagBag from /app/dags/Airflow.py
[2026-06-28T15:12:40.488+0000] {processor.py:925} INFO - DAG(s) 'ml_pipeline' retrieved from /app/dags/Airflow.py
[2026-06-28T15:12:40.570+0000] {logging_mixin.py:190} INFO - [2026-06-28T15:12:40.569+0000] {dag.py:3239} INFO - Sync 1 DAGs
[2026-06-28T15:12:40.637+0000] {logging_mixin.py:190} INFO - [2026-06-28T15:12:40.637+0000] {dag.py:4180} INFO - Setting next_dagrun for ml_pipeline to 2023-01-01 00:00:00+00:00, run_after=2023-02-01 00:00:00+00:00
[2026-06-28T15:12:40.769+0000] {processor.py:208} INFO - Processing /app/dags/Airflow.py took 0.350 seconds
[2026-06-28T15:13:11.860+0000] {processor.py:186} INFO - Started process (PID=33) to work on /app/dags/Airflow.py
[2026-06-28T15:13:11.862+0000] {processor.py:914} INFO - Processing file /app/dags/Airflow.py for tasks to queue
[2026-06-28T15:13:11.866+0000] {logging_mixin.py:190} INFO - [2026-06-28T15:13:11.866+0000] {dagbag.py:588} INFO - Filling up the DagBag from /app/dags/Airflow.py
[2026-06-28T15:13:11.919+0000] {processor.py:925} INFO - DAG(s) 'ml_pipeline' retrieved from /app/dags/Airflow.py
[2026-06-28T15:13:12.004+0000] {logging_mixin.py:190} INFO - [2026-06-28T15:13:12.003+0000] {dag.py:3239} INFO - Sync 1 DAGs
[2026-06-28T15:13:12.079+0000] {logging_mixin.py:190} INFO - [2026-06-28T15:13:12.078+0000] {dag.py:4180} INFO - Setting next_dagrun for ml_pipeline to 2023-01-01 00:00:00+00:00, run_after=2023-02-01 00:00:00+00:00
[2026-06-28T15:13:12.334+0000] {processor.py:208} INFO - Processing /app/dags/Airflow.py took 0.484 seconds
[2026-06-28T15:13:43.034+0000] {processor.py:186} INFO - Started process (PID=34) to work on /app/dags/Airflow.py
[2026-06-28T15:13:43.036+0000] {processor.py:914} INFO - Processing file /app/dags/Airflow.py for tasks to queue
[2026-06-28T15:13:43.045+0000] {logging_mixin.py:190} INFO - [2026-06-28T15:13:43.044+0000] {dagbag.py:588} INFO - Filling up the DagBag from /app/dags/Airflow.py
[2026-06-28T15:13:43.244+0000] {processor.py:925} INFO - DAG(s) 'ml_pipeline' retrieved from /app/dags/Airflow.py
[2026-06-28T15:13:43.361+0000] {logging_mixin.py:190} INFO - [2026-06-28T15:13:43.360+0000] {dag.py:3239} INFO - Sync 1 DAGs
[2026-06-28T15:13:43.456+0000] {logging_mixin.py:190} INFO - [2026-06-28T15:13:43.456+0000] {dag.py:4180} INFO - Setting next_dagrun for ml_pipeline to 2023-01-01 00:00:00+00:00, run_after=2023-02-01 00:00:00+00:00
[2026-06-28T15:13:43.588+0000] {processor.py:208} INFO - Processing /app/dags/Airflow.py took 0.574 seconds
[2026-06-28T15:14:14.185+0000] {processor.py:186} INFO - Started process (PID=35) to work on /app/dags/Airflow.py
[2026-06-28T15:14:14.186+0000] {processor.py:914} INFO - Processing file /app/dags/Airflow.py for tasks to queue
[2026-06-28T15:14:14.190+0000] {logging_mixin.py:190} INFO - [2026-06-28T15:14:14.189+0000] {dagbag.py:588} INFO - Filling up the DagBag from /app/dags/Airflow.py
[2026-06-28T15:14:14.228+0000] {processor.py:925} INFO - DAG(s) 'ml_pipeline' retrieved from /app/dags/Airflow.py
[2026-06-28T15:14:14.281+0000] {logging_mixin.py:190} INFO - [2026-06-28T15:14:14.280+0000] {dag.py:3239} INFO - Sync 1 DAGs
[2026-06-28T15:14:14.324+0000] {logging_mixin.py:190} INFO - [2026-06-28T15:14:14.323+0000] {dag.py:4180} INFO - Setting next_dagrun for ml_pipeline to 2023-01-01 00:00:00+00:00, run_after=2023-02-01 00:00:00+00:00
[2026-06-28T15:14:14.420+0000] {processor.py:208} INFO - Processing /app/dags/Airflow.py took 0.244 seconds
[2026-06-28T15:14:45.491+0000] {processor.py:186} INFO - Started process (PID=36) to work on /app/dags/Airflow.py
[2026-06-28T15:14:45.494+0000] {processor.py:914} INFO - Processing file /app/dags/Airflow.py for tasks to queue
[2026-06-28T15:14:45.500+0000] {logging_mixin.py:190} INFO - [2026-06-28T15:14:45.499+0000] {dagbag.py:588} INFO - Filling up the DagBag from /app/dags/Airflow.py
[2026-06-28T15:14:45.554+0000] {processor.py:925} INFO - DAG(s) 'ml_pipeline' retrieved from /app/dags/Airflow.py
[2026-06-28T15:14:45.649+0000] {logging_mixin.py:190} INFO - [2026-06-28T15:14:45.648+0000] {dag.py:3239} INFO - Sync 1 DAGs
[2026-06-28T15:14:45.707+0000] {logging_mixin.py:190} INFO - [2026-06-28T15:14:45.706+0000] {dag.py:4180} INFO - Setting next_dagrun for ml_pipeline to 2023-01-01 00:00:00+00:00, run_after=2023-02-01 00:00:00+00:00
[2026-06-28T15:14:45.849+0000] {processor.py:208} INFO - Processing /app/dags/Airflow.py took 0.373 seconds
[2026-06-28T15:15:16.528+0000] {processor.py:186} INFO - Started process (PID=37) to work on /app/dags/Airflow.py
[2026-06-28T15:15:16.529+0000] {processor.py:914} INFO - Processing file /app/dags/Airflow.py for tasks to queue
[2026-06-28T15:15:16.533+0000] {logging_mixin.py:190} INFO - [2026-06-28T15:15:16.533+0000] {dagbag.py:588} INFO - Filling up the DagBag from /app/dags/Airflow.py
[2026-06-28T15:15:16.570+0000] {processor.py:925} INFO - DAG(s) 'ml_pipeline' retrieved from /app/dags/Airflow.py
[2026-06-28T15:15:16.625+0000] {logging_mixin.py:190} INFO - [2026-06-28T15:15:16.625+0000] {dag.py:3239} INFO - Sync 1 DAGs
[2026-06-28T15:15:16.679+0000] {logging_mixin.py:190} INFO - [2026-06-28T15:15:16.679+0000] {dag.py:4180} INFO - Setting next_dagrun for ml_pipeline to 2023-01-01 00:00:00+00:00, run_after=2023-02-01 00:00:00+00:00
[2026-06-28T15:15:16.796+0000] {processor.py:208} INFO - Processing /app/dags/Airflow.py took 0.278 seconds
[2026-06-28T15:15:48.141+0000] {processor.py:186} INFO - Started process (PID=38) to work on /app/dags/Airflow.py
[2026-06-28T15:15:48.143+0000] {processor.py:914} INFO - Processing file /app/dags/Airflow.py for tasks to queue
[2026-06-28T15:15:48.150+0000] {logging_mixin.py:190} INFO - [2026-06-28T15:15:48.148+0000] {dagbag.py:588} INFO - Filling up the DagBag from /app/dags/Airflow.py
[2026-06-28T15:15:48.214+0000] {processor.py:925} INFO - DAG(s) 'ml_pipeline' retrieved from /app/dags/Airflow.py
[2026-06-28T15:15:48.293+0000] {logging_mixin.py:190} INFO - [2026-06-28T15:15:48.293+0000] {dag.py:3239} INFO - Sync 1 DAGs
[2026-06-28T15:15:48.341+0000] {logging_mixin.py:190} INFO - [2026-06-28T15:15:48.340+0000] {dag.py:4180} INFO - Setting next_dagrun for ml_pipeline to 2023-01-01 00:00:00+00:00, run_after=2023-02-01 00:00:00+00:00
[2026-06-28T15:15:48.449+0000] {processor.py:208} INFO - Processing /app/dags/Airflow.py took 0.323 seconds
[2026-06-28T15:16:19.630+0000] {processor.py:186} INFO - Started process (PID=39) to work on /app/dags/Airflow.py
[2026-06-28T15:16:19.633+0000] {processor.py:914} INFO - Processing file /app/dags/Airflow.py for tasks to queue
[2026-06-28T15:16:19.640+0000] {logging_mixin.py:190} INFO - [2026-06-28T15:16:19.638+0000] {dagbag.py:588} INFO - Filling up the DagBag from /app/dags/Airflow.py
[2026-06-28T15:16:19.695+0000] {processor.py:925} INFO - DAG(s) 'ml_pipeline' retrieved from /app/dags/Airflow.py
[2026-06-28T15:16:19.767+0000] {logging_mixin.py:190} INFO - [2026-06-28T15:16:19.767+0000] {dag.py:3239} INFO - Sync 1 DAGs
[2026-06-28T15:16:19.823+0000] {logging_mixin.py:190} INFO - [2026-06-28T15:16:19.822+0000] {dag.py:4180} INFO - Setting next_dagrun for ml_pipeline to 2023-01-01 00:00:00+00:00, run_after=2023-02-01 00:00:00+00:00
[2026-06-28T15:16:19.948+0000] {processor.py:208} INFO - Processing /app/dags/Airflow.py took 0.336 seconds
[2026-06-28T15:16:58.319+0000] {processor.py:186} INFO - Started process (PID=84) to work on /app/dags/Airflow.py
[2026-06-28T15:16:58.325+0000] {processor.py:914} INFO - Processing file /app/dags/Airflow.py for tasks to queue
[2026-06-28T15:16:58.337+0000] {logging_mixin.py:190} INFO - [2026-06-28T15:16:58.336+0000] {dagbag.py:588} INFO - Filling up the DagBag from /app/dags/Airflow.py
[2026-06-28T15:16:58.511+0000] {processor.py:925} INFO - DAG(s) 'ml_pipeline' retrieved from /app/dags/Airflow.py
[2026-06-28T15:16:58.799+0000] {logging_mixin.py:190} INFO - [2026-06-28T15:16:58.798+0000] {dag.py:3239} INFO - Sync 1 DAGs
[2026-06-28T15:16:58.913+0000] {logging_mixin.py:190} INFO - [2026-06-28T15:16:58.912+0000] {dag.py:4180} INFO - Setting next_dagrun for ml_pipeline to 2023-02-01 00:00:00+00:00, run_after=2023-03-01 00:00:00+00:00
[2026-06-28T15:16:59.386+0000] {processor.py:208} INFO - Processing /app/dags/Airflow.py took 1.096 seconds
[2026-06-28T15:17:45.135+0000] {processor.py:186} INFO - Started process (PID=129) to work on /app/dags/Airflow.py
[2026-06-28T15:17:45.137+0000] {processor.py:914} INFO - Processing file /app/dags/Airflow.py for tasks to queue
[2026-06-28T15:17:48.471+0000] {logging_mixin.py:190} INFO - [2026-06-28T15:17:48.470+0000] {dagbag.py:588} INFO - Filling up the DagBag from /app/dags/Airflow.py
[2026-06-28T15:17:48.507+0000] {processor.py:925} INFO - DAG(s) 'ml_pipeline' retrieved from /app/dags/Airflow.py
[2026-06-28T15:17:48.573+0000] {logging_mixin.py:190} INFO - [2026-06-28T15:17:48.572+0000] {dag.py:3239} INFO - Sync 1 DAGs
[2026-06-28T15:17:48.616+0000] {logging_mixin.py:190} INFO - [2026-06-28T15:17:48.616+0000] {dag.py:4180} INFO - Setting next_dagrun for ml_pipeline to 2023-04-01 00:00:00+00:00, run_after=2023-05-01 00:00:00+00:00
[2026-06-28T15:17:48.721+0000] {processor.py:208} INFO - Processing /app/dags/Airflow.py took 0.265 seconds
[2026-06-28T15:18:34.601+0000] {processor.py:186} INFO - Started process (PID=174) to work on /app/dags/Airflow.py
[2026-06-28T15:18:34.605+0000] {processor.py:914} INFO - Processing file /app/dags/Airflow.py for tasks to queue
[2026-06-28T15:18:34.628+0000] {logging_mixin.py:190} INFO - [2026-06-28T15:18:34.626+0000] {dagbag.py:588} INFO - Filling up the DagBag from /app/dags/Airflow.py
[2026-06-28T15:18:34.700+0000] {processor.py:925} INFO - DAG(s) 'ml_pipeline' retrieved from /app/dags/Airflow.py
[2026-06-28T15:18:34.803+0000] {logging_mixin.py:190} INFO - [2026-06-28T15:18:34.802+0000] {dag.py:3239} INFO - Sync 1 DAGs
[2026-06-28T15:18:34.936+0000] {logging_mixin.py:190} INFO - [2026-06-28T15:18:34.936+0000] {dag.py:4180} INFO - Setting next_dagrun for ml_pipeline to 2023-06-01 00:00:00+00:00, run_after=2023-07-01 00:00:00+00:00
[2026-06-28T15:18:35.166+0000] {processor.py:208} INFO - Processing /app/dags/Airflow.py took 0.593 seconds
[2026-06-28T15:19:15.023+0000] {processor.py:186} INFO - Started process (PID=219) to work on /app/dags/Airflow.py
[2026-06-28T15:19:15.026+0000] {processor.py:914} INFO - Processing file /app/dags/Airflow.py for tasks to queue
[2026-06-28T15:19:15.030+0000] {logging_mixin.py:190} INFO - [2026-06-28T15:19:15.030+0000] {dagbag.py:588} INFO - Filling up the DagBag from /app/dags/Airflow.py
[2026-06-28T15:19:15.089+0000] {processor.py:925} INFO - DAG(s) 'ml_pipeline' retrieved from /app/dags/Airflow.py
[2026-06-28T15:19:15.156+0000] {logging_mixin.py:190} INFO - [2026-06-28T15:19:15.156+0000] {dag.py:3239} INFO - Sync 1 DAGs
[2026-06-28T15:19:15.201+0000] {logging_mixin.py:190} INFO - [2026-06-28T15:19:15.201+0000] {dag.py:4180} INFO - Setting next_dagrun for ml_pipeline to 2023-08-01 00:00:00+00:00, run_after=2023-09-01 00:00:00+00:00
[2026-06-28T15:19:15.309+0000] {processor.py:208} INFO - Processing /app/dags/Airflow.py took 0.303 seconds
[2026-06-28T15:19:49.327+0000] {processor.py:186} INFO - Started process (PID=264) to work on /app/dags/Airflow.py
[2026-06-28T15:19:49.329+0000] {processor.py:914} INFO - Processing file /app/dags/Airflow.py for tasks to queue
[2026-06-28T15:19:49.334+0000] {logging_mixin.py:190} INFO - [2026-06-28T15:19:49.333+0000] {dagbag.py:588} INFO - Filling up the DagBag from /app/dags/Airflow.py
[2026-06-28T15:19:49.387+0000] {processor.py:925} INFO - DAG(s) 'ml_pipeline' retrieved from /app/dags/Airflow.py
[2026-06-28T15:19:50.807+0000] {logging_mixin.py:190} INFO - [2026-06-28T15:19:50.807+0000] {dag.py:3239} INFO - Sync 1 DAGs
[2026-06-28T15:19:50.872+0000] {logging_mixin.py:190} INFO - [2026-06-28T15:19:50.871+0000] {dag.py:3262} INFO - Creating ORM DAG for ml_pipeline
[2026-06-28T15:19:50.960+0000] {logging_mixin.py:190} INFO - [2026-06-28T15:19:50.960+0000] {dag.py:4180} INFO - Setting next_dagrun for ml_pipeline to 2023-01-01 00:00:00+00:00, run_after=2023-02-01 00:00:00+00:00
[2026-06-28T15:19:51.237+0000] {processor.py:208} INFO - Processing /app/dags/Airflow.py took 1.925 seconds
[2026-06-28T15:20:22.126+0000] {processor.py:186} INFO - Started process (PID=265) to work on /app/dags/Airflow.py
[2026-06-28T15:20:22.127+0000] {processor.py:914} INFO - Processing file /app/dags/Airflow.py for tasks to queue
[2026-06-28T15:20:22.130+0000] {logging_mixin.py:190} INFO - [2026-06-28T15:20:22.129+0000] {dagbag.py:588} INFO - Filling up the DagBag from /app/dags/Airflow.py
[2026-06-28T15:20:22.159+0000] {processor.py:925} INFO - DAG(s) 'ml_pipeline' retrieved from /app/dags/Airflow.py
[2026-06-28T15:20:22.206+0000] {logging_mixin.py:190} INFO - [2026-06-28T15:20:22.206+0000] {dag.py:3239} INFO - Sync 1 DAGs
[2026-06-28T15:20:22.242+0000] {logging_mixin.py:190} INFO - [2026-06-28T15:20:22.242+0000] {dag.py:4180} INFO - Setting next_dagrun for ml_pipeline to 2023-01-01 00:00:00+00:00, run_after=2023-02-01 00:00:00+00:00
[2026-06-28T15:20:22.333+0000] {processor.py:208} INFO - Processing /app/dags/Airflow.py took 0.215 seconds
[2026-06-28T15:20:52.521+0000] {processor.py:186} INFO - Started process (PID=266) to work on /app/dags/Airflow.py
[2026-06-28T15:20:52.522+0000] {processor.py:914} INFO - Processing file /app/dags/Airflow.py for tasks to queue
[2026-06-28T15:20:52.525+0000] {logging_mixin.py:190} INFO - [2026-06-28T15:20:52.525+0000] {dagbag.py:588} INFO - Filling up the DagBag from /app/dags/Airflow.py
[2026-06-28T15:20:52.560+0000] {processor.py:925} INFO - DAG(s) 'ml_pipeline' retrieved from /app/dags/Airflow.py
[2026-06-28T15:20:52.608+0000] {logging_mixin.py:190} INFO - [2026-06-28T15:20:52.608+0000] {dag.py:3239} INFO - Sync 1 DAGs
[2026-06-28T15:20:52.649+0000] {logging_mixin.py:190} INFO - [2026-06-28T15:20:52.649+0000] {dag.py:4180} INFO - Setting next_dagrun for ml_pipeline to 2023-01-01 00:00:00+00:00, run_after=2023-02-01 00:00:00+00:00
[2026-06-28T15:20:52.785+0000] {processor.py:208} INFO - Processing /app/dags/Airflow.py took 0.272 seconds
[2026-06-28T15:21:23.541+0000] {processor.py:186} INFO - Started process (PID=267) to work on /app/dags/Airflow.py
[2026-06-28T15:21:23.545+0000] {processor.py:914} INFO - Processing file /app/dags/Airflow.py for tasks to queue
[2026-06-28T15:21:23.551+0000] {logging_mixin.py:190} INFO - [2026-06-28T15:21:23.551+0000] {dagbag.py:588} INFO - Filling up the DagBag from /app/dags/Airflow.py
[2026-06-28T15:21:23.818+0000] {processor.py:925} INFO - DAG(s) 'ml_pipeline' retrieved from /app/dags/Airflow.py
[2026-06-28T15:21:23.952+0000] {logging_mixin.py:190} INFO - [2026-06-28T15:21:23.952+0000] {dag.py:3239} INFO - Sync 1 DAGs
[2026-06-28T15:21:24.020+0000] {logging_mixin.py:190} INFO - [2026-06-28T15:21:24.020+0000] {dag.py:4180} INFO - Setting next_dagrun for ml_pipeline to 2023-01-01 00:00:00+00:00, run_after=2023-02-01 00:00:00+00:00
[2026-06-28T15:21:24.153+0000] {processor.py:208} INFO - Processing /app/dags/Airflow.py took 0.633 seconds
[2026-06-28T15:21:54.825+0000] {processor.py:186} INFO - Started process (PID=268) to work on /app/dags/Airflow.py
[2026-06-28T15:21:54.830+0000] {processor.py:914} INFO - Processing file /app/dags/Airflow.py for tasks to queue
[2026-06-28T15:21:54.839+0000] {logging_mixin.py:190} INFO - [2026-06-28T15:21:54.837+0000] {dagbag.py:588} INFO - Filling up the DagBag from /app/dags/Airflow.py
[2026-06-28T15:21:54.908+0000] {processor.py:925} INFO - DAG(s) 'ml_pipeline' retrieved from /app/dags/Airflow.py
[2026-06-28T15:21:54.981+0000] {logging_mixin.py:190} INFO - [2026-06-28T15:21:54.981+0000] {dag.py:3239} INFO - Sync 1 DAGs
[2026-06-28T15:21:55.042+0000] {logging_mixin.py:190} INFO - [2026-06-28T15:21:55.041+0000] {dag.py:4180} INFO - Setting next_dagrun for ml_pipeline to 2023-01-01 00:00:00+00:00, run_after=2023-02-01 00:00:00+00:00
[2026-06-28T15:21:55.145+0000] {processor.py:208} INFO - Processing /app/dags/Airflow.py took 0.335 seconds
[2026-06-28T15:22:26.352+0000] {processor.py:186} INFO - Started process (PID=269) to work on /app/dags/Airflow.py
[2026-06-28T15:22:26.354+0000] {processor.py:914} INFO - Processing file /app/dags/Airflow.py for tasks to queue
[2026-06-28T15:22:26.361+0000] {logging_mixin.py:190} INFO - [2026-06-28T15:22:26.361+0000] {dagbag.py:588} INFO - Filling up the DagBag from /app/dags/Airflow.py
[2026-06-28T15:22:26.446+0000] {processor.py:925} INFO - DAG(s) 'ml_pipeline' retrieved from /app/dags/Airflow.py
[2026-06-28T15:22:26.514+0000] {logging_mixin.py:190} INFO - [2026-06-28T15:22:26.514+0000] {dag.py:3239} INFO - Sync 1 DAGs
[2026-06-28T15:22:26.569+0000] {logging_mixin.py:190} INFO - [2026-06-28T15:22:26.568+0000] {dag.py:4180} INFO - Setting next_dagrun for ml_pipeline to 2023-01-01 00:00:00+00:00, run_after=2023-02-01 00:00:00+00:00
[2026-06-28T15:22:26.686+0000] {processor.py:208} INFO - Processing /app/dags/Airflow.py took 0.358 seconds
[2026-06-28T15:22:58.520+0000] {processor.py:186} INFO - Started process (PID=270) to work on /app/dags/Airflow.py
[2026-06-28T15:22:58.533+0000] {processor.py:914} INFO - Processing file /app/dags/Airflow.py for tasks to queue
[2026-06-28T15:22:58.541+0000] {logging_mixin.py:190} INFO - [2026-06-28T15:22:58.540+0000] {dagbag.py:588} INFO - Filling up the DagBag from /app/dags/Airflow.py
[2026-06-28T15:22:58.632+0000] {processor.py:925} INFO - DAG(s) 'ml_pipeline' retrieved from /app/dags/Airflow.py
[2026-06-28T15:22:58.792+0000] {logging_mixin.py:190} INFO - [2026-06-28T15:22:58.791+0000] {dag.py:3239} INFO - Sync 1 DAGs
[2026-06-28T15:22:58.939+0000] {logging_mixin.py:190} INFO - [2026-06-28T15:22:58.939+0000] {dag.py:4180} INFO - Setting next_dagrun for ml_pipeline to 2023-01-01 00:00:00+00:00, run_after=2023-02-01 00:00:00+00:00
[2026-06-28T15:22:59.128+0000] {processor.py:208} INFO - Processing /app/dags/Airflow.py took 0.633 seconds
[2026-06-28T15:23:29.620+0000] {processor.py:186} INFO - Started process (PID=271) to work on /app/dags/Airflow.py
[2026-06-28T15:23:29.623+0000] {processor.py:914} INFO - Processing file /app/dags/Airflow.py for tasks to queue
[2026-06-28T15:23:29.631+0000] {logging_mixin.py:190} INFO - [2026-06-28T15:23:29.630+0000] {dagbag.py:588} INFO - Filling up the DagBag from /app/dags/Airflow.py
[2026-06-28T15:23:29.724+0000] {processor.py:925} INFO - DAG(s) 'ml_pipeline' retrieved from /app/dags/Airflow.py
[2026-06-28T15:23:30.166+0000] {logging_mixin.py:190} INFO - [2026-06-28T15:23:30.166+0000] {dag.py:3239} INFO - Sync 1 DAGs
[2026-06-28T15:23:30.338+0000] {logging_mixin.py:190} INFO - [2026-06-28T15:23:30.338+0000] {dag.py:4180} INFO - Setting next_dagrun for ml_pipeline to 2023-01-01 00:00:00+00:00, run_after=2023-02-01 00:00:00+00:00
[2026-06-28T15:23:30.549+0000] {processor.py:208} INFO - Processing /app/dags/Airflow.py took 0.957 seconds
[2026-06-28T15:24:00.908+0000] {processor.py:186} INFO - Started process (PID=272) to work on /app/dags/Airflow.py
[2026-06-28T15:24:00.910+0000] {processor.py:914} INFO - Processing file /app/dags/Airflow.py for tasks to queue
[2026-06-28T15:24:00.912+0000] {logging_mixin.py:190} INFO - [2026-06-28T15:24:00.912+0000] {dagbag.py:588} INFO - Filling up the DagBag from /app/dags/Airflow.py
[2026-06-28T15:24:00.941+0000] {processor.py:925} INFO - DAG(s) 'ml_pipeline' retrieved from /app/dags/Airflow.py
[2026-06-28T15:24:00.987+0000] {logging_mixin.py:190} INFO - [2026-06-28T15:24:00.987+0000] {dag.py:3239} INFO - Sync 1 DAGs
[2026-06-28T15:24:01.023+0000] {logging_mixin.py:190} INFO - [2026-06-28T15:24:01.023+0000] {dag.py:4180} INFO - Setting next_dagrun for ml_pipeline to 2023-01-01 00:00:00+00:00, run_after=2023-02-01 00:00:00+00:00
[2026-06-28T15:24:01.114+0000] {processor.py:208} INFO - Processing /app/dags/Airflow.py took 0.213 seconds
[2026-06-28T15:24:31.587+0000] {processor.py:186} INFO - Started process (PID=273) to work on /app/dags/Airflow.py
[2026-06-28T15:24:31.588+0000] {processor.py:914} INFO - Processing file /app/dags/Airflow.py for tasks to queue
[2026-06-28T15:24:31.591+0000] {logging_mixin.py:190} INFO - [2026-06-28T15:24:31.590+0000] {dagbag.py:588} INFO - Filling up the DagBag from /app/dags/Airflow.py
[2026-06-28T15:24:31.627+0000] {processor.py:925} INFO - DAG(s) 'ml_pipeline' retrieved from /app/dags/Airflow.py
[2026-06-28T15:24:31.679+0000] {logging_mixin.py:190} INFO - [2026-06-28T15:24:31.679+0000] {dag.py:3239} INFO - Sync 1 DAGs
[2026-06-28T15:24:31.720+0000] {logging_mixin.py:190} INFO - [2026-06-28T15:24:31.719+0000] {dag.py:4180} INFO - Setting next_dagrun for ml_pipeline to 2023-01-01 00:00:00+00:00, run_after=2023-02-01 00:00:00+00:00
[2026-06-28T15:24:31.815+0000] {processor.py:208} INFO - Processing /app/dags/Airflow.py took 0.237 seconds
[2026-06-28T15:25:02.024+0000] {processor.py:186} INFO - Started process (PID=274) to work on /app/dags/Airflow.py
[2026-06-28T15:25:02.027+0000] {processor.py:914} INFO - Processing file /app/dags/Airflow.py for tasks to queue
[2026-06-28T15:25:02.031+0000] {logging_mixin.py:190} INFO - [2026-06-28T15:25:02.030+0000] {dagbag.py:588} INFO - Filling up the DagBag from /app/dags/Airflow.py
[2026-06-28T15:25:02.084+0000] {processor.py:925} INFO - DAG(s) 'ml_pipeline' retrieved from /app/dags/Airflow.py
[2026-06-28T15:25:02.159+0000] {logging_mixin.py:190} INFO - [2026-06-28T15:25:02.158+0000] {dag.py:3239} INFO - Sync 1 DAGs
[2026-06-28T15:25:02.214+0000] {logging_mixin.py:190} INFO - [2026-06-28T15:25:02.213+0000] {dag.py:4180} INFO - Setting next_dagrun for ml_pipeline to 2023-01-01 00:00:00+00:00, run_after=2023-02-01 00:00:00+00:00
[2026-06-28T15:25:02.346+0000] {processor.py:208} INFO - Processing /app/dags/Airflow.py took 0.333 seconds
[2026-06-28T15:25:33.444+0000] {processor.py:186} INFO - Started process (PID=275) to work on /app/dags/Airflow.py
[2026-06-28T15:25:33.452+0000] {processor.py:914} INFO - Processing file /app/dags/Airflow.py for tasks to queue
[2026-06-28T15:25:33.471+0000] {logging_mixin.py:190} INFO - [2026-06-28T15:25:33.468+0000] {dagbag.py:588} INFO - Filling up the DagBag from /app/dags/Airflow.py
[2026-06-28T15:25:33.565+0000] {processor.py:925} INFO - DAG(s) 'ml_pipeline' retrieved from /app/dags/Airflow.py
[2026-06-28T15:25:33.780+0000] {logging_mixin.py:190} INFO - [2026-06-28T15:25:33.780+0000] {dag.py:3239} INFO - Sync 1 DAGs
[2026-06-28T15:25:33.894+0000] {logging_mixin.py:190} INFO - [2026-06-28T15:25:33.894+0000] {dag.py:4180} INFO - Setting next_dagrun for ml_pipeline to 2023-01-01 00:00:00+00:00, run_after=2023-02-01 00:00:00+00:00
[2026-06-28T15:25:34.103+0000] {processor.py:208} INFO - Processing /app/dags/Airflow.py took 0.723 seconds
[2026-06-28T15:26:05.031+0000] {processor.py:186} INFO - Started process (PID=276) to work on /app/dags/Airflow.py
[2026-06-28T15:26:05.051+0000] {processor.py:914} INFO - Processing file /app/dags/Airflow.py for tasks to queue
[2026-06-28T15:26:05.086+0000] {logging_mixin.py:190} INFO - [2026-06-28T15:26:05.081+0000] {dagbag.py:588} INFO - Filling up the DagBag from /app/dags/Airflow.py
[2026-06-28T15:26:05.240+0000] {processor.py:925} INFO - DAG(s) 'ml_pipeline' retrieved from /app/dags/Airflow.py
[2026-06-28T15:26:05.482+0000] {logging_mixin.py:190} INFO - [2026-06-28T15:26:05.482+0000] {dag.py:3239} INFO - Sync 1 DAGs
[2026-06-28T15:26:05.647+0000] {logging_mixin.py:190} INFO - [2026-06-28T15:26:05.646+0000] {dag.py:4180} INFO - Setting next_dagrun for ml_pipeline to 2023-01-01 00:00:00+00:00, run_after=2023-02-01 00:00:00+00:00
[2026-06-28T15:26:05.839+0000] {processor.py:208} INFO - Processing /app/dags/Airflow.py took 0.933 seconds
[2026-06-28T15:26:36.783+0000] {processor.py:186} INFO - Started process (PID=277) to work on /app/dags/Airflow.py
[2026-06-28T15:26:36.787+0000] {processor.py:914} INFO - Processing file /app/dags/Airflow.py for tasks to queue
[2026-06-28T15:26:36.814+0000] {logging_mixin.py:190} INFO - [2026-06-28T15:26:36.811+0000] {dagbag.py:588} INFO - Filling up the DagBag from /app/dags/Airflow.py
[2026-06-28T15:26:36.965+0000] {processor.py:925} INFO - DAG(s) 'ml_pipeline' retrieved from /app/dags/Airflow.py
[2026-06-28T15:26:37.161+0000] {logging_mixin.py:190} INFO - [2026-06-28T15:26:37.160+0000] {dag.py:3239} INFO - Sync 1 DAGs
[2026-06-28T15:26:37.339+0000] {logging_mixin.py:190} INFO - [2026-06-28T15:26:37.338+0000] {dag.py:4180} INFO - Setting next_dagrun for ml_pipeline to 2023-01-01 00:00:00+00:00, run_after=2023-02-01 00:00:00+00:00
[2026-06-28T15:26:37.508+0000] {processor.py:208} INFO - Processing /app/dags/Airflow.py took 0.757 seconds
[2026-06-28T15:27:08.960+0000] {processor.py:186} INFO - Started process (PID=278) to work on /app/dags/Airflow.py
[2026-06-28T15:27:08.962+0000] {processor.py:914} INFO - Processing file /app/dags/Airflow.py for tasks to queue
[2026-06-28T15:27:08.974+0000] {logging_mixin.py:190} INFO - [2026-06-28T15:27:08.971+0000] {dagbag.py:588} INFO - Filling up the DagBag from /app/dags/Airflow.py
[2026-06-28T15:27:09.202+0000] {processor.py:925} INFO - DAG(s) 'ml_pipeline' retrieved from /app/dags/Airflow.py
[2026-06-28T15:27:09.536+0000] {logging_mixin.py:190} INFO - [2026-06-28T15:27:09.535+0000] {dag.py:3239} INFO - Sync 1 DAGs
[2026-06-28T15:27:09.664+0000] {logging_mixin.py:190} INFO - [2026-06-28T15:27:09.663+0000] {dag.py:4180} INFO - Setting next_dagrun for ml_pipeline to 2023-01-01 00:00:00+00:00, run_after=2023-02-01 00:00:00+00:00
[2026-06-28T15:27:10.234+0000] {processor.py:208} INFO - Processing /app/dags/Airflow.py took 1.295 seconds
[2026-06-28T15:27:42.184+0000] {processor.py:186} INFO - Started process (PID=279) to work on /app/dags/Airflow.py
[2026-06-28T15:27:42.187+0000] {processor.py:914} INFO - Processing file /app/dags/Airflow.py for tasks to queue
[2026-06-28T15:27:42.191+0000] {logging_mixin.py:190} INFO - [2026-06-28T15:27:42.191+0000] {dagbag.py:588} INFO - Filling up the DagBag from /app/dags/Airflow.py
[2026-06-28T15:27:42.231+0000] {processor.py:925} INFO - DAG(s) 'ml_pipeline' retrieved from /app/dags/Airflow.py
[2026-06-28T15:27:42.298+0000] {logging_mixin.py:190} INFO - [2026-06-28T15:27:42.298+0000] {dag.py:3239} INFO - Sync 1 DAGs
[2026-06-28T15:27:42.335+0000] {logging_mixin.py:190} INFO - [2026-06-28T15:27:42.335+0000] {dag.py:4180} INFO - Setting next_dagrun for ml_pipeline to 2023-01-01 00:00:00+00:00, run_after=2023-02-01 00:00:00+00:00
[2026-06-28T15:27:43.095+0000] {processor.py:208} INFO - Processing /app/dags/Airflow.py took 0.919 seconds
[2026-06-28T15:28:13.523+0000] {processor.py:186} INFO - Started process (PID=280) to work on /app/dags/Airflow.py
[2026-06-28T15:28:13.541+0000] {processor.py:914} INFO - Processing file /app/dags/Airflow.py for tasks to queue
[2026-06-28T15:28:13.555+0000] {logging_mixin.py:190} INFO - [2026-06-28T15:28:13.551+0000] {dagbag.py:588} INFO - Filling up the DagBag from /app/dags/Airflow.py
[2026-06-28T15:28:13.963+0000] {processor.py:925} INFO - DAG(s) 'ml_pipeline' retrieved from /app/dags/Airflow.py
[2026-06-28T15:28:14.238+0000] {logging_mixin.py:190} INFO - [2026-06-28T15:28:14.237+0000] {dag.py:3239} INFO - Sync 1 DAGs
[2026-06-28T15:28:14.356+0000] {logging_mixin.py:190} INFO - [2026-06-28T15:28:14.355+0000] {dag.py:4180} INFO - Setting next_dagrun for ml_pipeline to 2023-01-01 00:00:00+00:00, run_after=2023-02-01 00:00:00+00:00
[2026-06-28T15:28:15.037+0000] {processor.py:208} INFO - Processing /app/dags/Airflow.py took 1.537 seconds
[2026-06-28T15:28:45.765+0000] {processor.py:186} INFO - Started process (PID=281) to work on /app/dags/Airflow.py
[2026-06-28T15:28:45.779+0000] {processor.py:914} INFO - Processing file /app/dags/Airflow.py for tasks to queue
[2026-06-28T15:28:45.800+0000] {logging_mixin.py:190} INFO - [2026-06-28T15:28:45.796+0000] {dagbag.py:588} INFO - Filling up the DagBag from /app/dags/Airflow.py
[2026-06-28T15:28:45.991+0000] {processor.py:925} INFO - DAG(s) 'ml_pipeline' retrieved from /app/dags/Airflow.py
[2026-06-28T15:28:46.260+0000] {logging_mixin.py:190} INFO - [2026-06-28T15:28:46.259+0000] {dag.py:3239} INFO - Sync 1 DAGs
[2026-06-28T15:28:46.456+0000] {logging_mixin.py:190} INFO - [2026-06-28T15:28:46.455+0000] {dag.py:4180} INFO - Setting next_dagrun for ml_pipeline to 2023-01-01 00:00:00+00:00, run_after=2023-02-01 00:00:00+00:00
[2026-06-28T15:28:46.692+0000] {processor.py:208} INFO - Processing /app/dags/Airflow.py took 1.001 seconds
[2026-06-28T15:29:18.105+0000] {processor.py:186} INFO - Started process (PID=282) to work on /app/dags/Airflow.py
[2026-06-28T15:29:18.107+0000] {processor.py:914} INFO - Processing file /app/dags/Airflow.py for tasks to queue
[2026-06-28T15:29:18.113+0000] {logging_mixin.py:190} INFO - [2026-06-28T15:29:18.112+0000] {dagbag.py:588} INFO - Filling up the DagBag from /app/dags/Airflow.py
[2026-06-28T15:29:18.212+0000] {processor.py:925} INFO - DAG(s) 'ml_pipeline' retrieved from /app/dags/Airflow.py
[2026-06-28T15:29:18.468+0000] {logging_mixin.py:190} INFO - [2026-06-28T15:29:18.468+0000] {dag.py:3239} INFO - Sync 1 DAGs
[2026-06-28T15:29:18.708+0000] {logging_mixin.py:190} INFO - [2026-06-28T15:29:18.708+0000] {dag.py:4180} INFO - Setting next_dagrun for ml_pipeline to 2023-01-01 00:00:00+00:00, run_after=2023-02-01 00:00:00+00:00
[2026-06-28T15:29:18.927+0000] {processor.py:208} INFO - Processing /app/dags/Airflow.py took 0.835 seconds
[2026-06-28T15:29:49.386+0000] {processor.py:186} INFO - Started process (PID=283) to work on /app/dags/Airflow.py
[2026-06-28T15:29:49.394+0000] {processor.py:914} INFO - Processing file /app/dags/Airflow.py for tasks to queue
[2026-06-28T15:29:49.409+0000] {logging_mixin.py:190} INFO - [2026-06-28T15:29:49.407+0000] {dagbag.py:588} INFO - Filling up the DagBag from /app/dags/Airflow.py
[2026-06-28T15:29:49.547+0000] {processor.py:925} INFO - DAG(s) 'ml_pipeline' retrieved from /app/dags/Airflow.py
[2026-06-28T15:29:49.753+0000] {logging_mixin.py:190} INFO - [2026-06-28T15:29:49.753+0000] {dag.py:3239} INFO - Sync 1 DAGs
[2026-06-28T15:29:49.863+0000] {logging_mixin.py:190} INFO - [2026-06-28T15:29:49.862+0000] {dag.py:4180} INFO - Setting next_dagrun for ml_pipeline to 2023-01-01 00:00:00+00:00, run_after=2023-02-01 00:00:00+00:00
[2026-06-28T15:29:50.092+0000] {processor.py:208} INFO - Processing /app/dags/Airflow.py took 0.778 seconds
[2026-06-28T15:30:21.470+0000] {processor.py:186} INFO - Started process (PID=284) to work on /app/dags/Airflow.py
[2026-06-28T15:30:21.473+0000] {processor.py:914} INFO - Processing file /app/dags/Airflow.py for tasks to queue
[2026-06-28T15:30:21.478+0000] {logging_mixin.py:190} INFO - [2026-06-28T15:30:21.478+0000] {dagbag.py:588} INFO - Filling up the DagBag from /app/dags/Airflow.py
[2026-06-28T15:30:21.542+0000] {processor.py:925} INFO - DAG(s) 'ml_pipeline' retrieved from /app/dags/Airflow.py
[2026-06-28T15:30:21.697+0000] {logging_mixin.py:190} INFO - [2026-06-28T15:30:21.697+0000] {dag.py:3239} INFO - Sync 1 DAGs
[2026-06-28T15:30:21.852+0000] {logging_mixin.py:190} INFO - [2026-06-28T15:30:21.851+0000] {dag.py:4180} INFO - Setting next_dagrun for ml_pipeline to 2023-01-01 00:00:00+00:00, run_after=2023-02-01 00:00:00+00:00
[2026-06-28T15:30:22.036+0000] {processor.py:208} INFO - Processing /app/dags/Airflow.py took 0.579 seconds
[2026-06-28T15:30:54.286+0000] {processor.py:186} INFO - Started process (PID=285) to work on /app/dags/Airflow.py
[2026-06-28T15:30:54.287+0000] {processor.py:914} INFO - Processing file /app/dags/Airflow.py for tasks to queue
[2026-06-28T15:30:54.291+0000] {logging_mixin.py:190} INFO - [2026-06-28T15:30:54.290+0000] {dagbag.py:588} INFO - Filling up the DagBag from /app/dags/Airflow.py
[2026-06-28T15:30:54.343+0000] {processor.py:925} INFO - DAG(s) 'ml_pipeline' retrieved from /app/dags/Airflow.py
[2026-06-28T15:30:54.418+0000] {logging_mixin.py:190} INFO - [2026-06-28T15:30:54.417+0000] {dag.py:3239} INFO - Sync 1 DAGs
[2026-06-28T15:30:54.478+0000] {logging_mixin.py:190} INFO - [2026-06-28T15:30:54.478+0000] {dag.py:4180} INFO - Setting next_dagrun for ml_pipeline to 2023-01-01 00:00:00+00:00, run_after=2023-02-01 00:00:00+00:00
[2026-06-28T15:30:54.605+0000] {processor.py:208} INFO - Processing /app/dags/Airflow.py took 0.331 seconds
[2026-06-28T15:31:28.008+0000] {processor.py:186} INFO - Started process (PID=286) to work on /app/dags/Airflow.py
[2026-06-28T15:31:28.010+0000] {processor.py:914} INFO - Processing file /app/dags/Airflow.py for tasks to queue
[2026-06-28T15:31:28.017+0000] {logging_mixin.py:190} INFO - [2026-06-28T15:31:28.016+0000] {dagbag.py:588} INFO - Filling up the DagBag from /app/dags/Airflow.py
[2026-06-28T15:31:28.066+0000] {processor.py:925} INFO - DAG(s) 'ml_pipeline' retrieved from /app/dags/Airflow.py
[2026-06-28T15:31:28.128+0000] {logging_mixin.py:190} INFO - [2026-06-28T15:31:28.128+0000] {dag.py:3239} INFO - Sync 1 DAGs
[2026-06-28T15:31:28.178+0000] {logging_mixin.py:190} INFO - [2026-06-28T15:31:28.177+0000] {dag.py:4180} INFO - Setting next_dagrun for ml_pipeline to 2023-01-01 00:00:00+00:00, run_after=2023-02-01 00:00:00+00:00
[2026-06-28T15:31:28.293+0000] {processor.py:208} INFO - Processing /app/dags/Airflow.py took 0.302 seconds
[2026-06-28T15:31:59.884+0000] {processor.py:186} INFO - Started process (PID=287) to work on /app/dags/Airflow.py
[2026-06-28T15:31:59.886+0000] {processor.py:914} INFO - Processing file /app/dags/Airflow.py for tasks to queue
[2026-06-28T15:31:59.891+0000] {logging_mixin.py:190} INFO - [2026-06-28T15:31:59.891+0000] {dagbag.py:588} INFO - Filling up the DagBag from /app/dags/Airflow.py
[2026-06-28T15:31:59.960+0000] {processor.py:925} INFO - DAG(s) 'ml_pipeline' retrieved from /app/dags/Airflow.py
[2026-06-28T15:32:00.041+0000] {logging_mixin.py:190} INFO - [2026-06-28T15:32:00.041+0000] {dag.py:3239} INFO - Sync 1 DAGs
[2026-06-28T15:32:00.106+0000] {logging_mixin.py:190} INFO - [2026-06-28T15:32:00.106+0000] {dag.py:4180} INFO - Setting next_dagrun for ml_pipeline to 2023-01-01 00:00:00+00:00, run_after=2023-02-01 00:00:00+00:00
[2026-06-28T15:32:00.247+0000] {processor.py:208} INFO - Processing /app/dags/Airflow.py took 0.378 seconds
[2026-06-28T15:32:31.467+0000] {processor.py:186} INFO - Started process (PID=288) to work on /app/dags/Airflow.py
[2026-06-28T15:32:31.470+0000] {processor.py:914} INFO - Processing file /app/dags/Airflow.py for tasks to queue
[2026-06-28T15:32:31.482+0000] {logging_mixin.py:190} INFO - [2026-06-28T15:32:31.481+0000] {dagbag.py:588} INFO - Filling up the DagBag from /app/dags/Airflow.py
[2026-06-28T15:32:31.600+0000] {processor.py:925} INFO - DAG(s) 'ml_pipeline' retrieved from /app/dags/Airflow.py
[2026-06-28T15:32:31.826+0000] {logging_mixin.py:190} INFO - [2026-06-28T15:32:31.825+0000] {dag.py:3239} INFO - Sync 1 DAGs
[2026-06-28T15:32:31.993+0000] {logging_mixin.py:190} INFO - [2026-06-28T15:32:31.992+0000] {dag.py:4180} INFO - Setting next_dagrun for ml_pipeline to 2023-01-01 00:00:00+00:00, run_after=2023-02-01 00:00:00+00:00
[2026-06-28T15:32:32.180+0000] {processor.py:208} INFO - Processing /app/dags/Airflow.py took 0.725 seconds
[2026-06-28T15:33:02.491+0000] {processor.py:186} INFO - Started process (PID=289) to work on /app/dags/Airflow.py
[2026-06-28T15:33:02.508+0000] {processor.py:914} INFO - Processing file /app/dags/Airflow.py for tasks to queue
[2026-06-28T15:33:02.524+0000] {logging_mixin.py:190} INFO - [2026-06-28T15:33:02.521+0000] {dagbag.py:588} INFO - Filling up the DagBag from /app/dags/Airflow.py
[2026-06-28T15:33:02.618+0000] {processor.py:925} INFO - DAG(s) 'ml_pipeline' retrieved from /app/dags/Airflow.py
[2026-06-28T15:33:02.782+0000] {logging_mixin.py:190} INFO - [2026-06-28T15:33:02.781+0000] {dag.py:3239} INFO - Sync 1 DAGs
[2026-06-28T15:33:02.867+0000] {logging_mixin.py:190} INFO - [2026-06-28T15:33:02.866+0000] {dag.py:4180} INFO - Setting next_dagrun for ml_pipeline to 2023-01-01 00:00:00+00:00, run_after=2023-02-01 00:00:00+00:00
[2026-06-28T15:33:03.041+0000] {processor.py:208} INFO - Processing /app/dags/Airflow.py took 0.608 seconds
[2026-06-28T15:33:33.513+0000] {processor.py:186} INFO - Started process (PID=290) to work on /app/dags/Airflow.py
[2026-06-28T15:33:33.515+0000] {processor.py:914} INFO - Processing file /app/dags/Airflow.py for tasks to queue
[2026-06-28T15:33:33.526+0000] {logging_mixin.py:190} INFO - [2026-06-28T15:33:33.525+0000] {dagbag.py:588} INFO - Filling up the DagBag from /app/dags/Airflow.py
[2026-06-28T15:33:33.579+0000] {processor.py:925} INFO - DAG(s) 'ml_pipeline' retrieved from /app/dags/Airflow.py
[2026-06-28T15:33:33.645+0000] {logging_mixin.py:190} INFO - [2026-06-28T15:33:33.644+0000] {dag.py:3239} INFO - Sync 1 DAGs
[2026-06-28T15:33:33.720+0000] {logging_mixin.py:190} INFO - [2026-06-28T15:33:33.719+0000] {dag.py:4180} INFO - Setting next_dagrun for ml_pipeline to 2023-01-01 00:00:00+00:00, run_after=2023-02-01 00:00:00+00:00
[2026-06-28T15:33:33.887+0000] {processor.py:208} INFO - Processing /app/dags/Airflow.py took 0.386 seconds
[2026-06-28T15:34:04.527+0000] {processor.py:186} INFO - Started process (PID=291) to work on /app/dags/Airflow.py
[2026-06-28T15:34:04.528+0000] {processor.py:914} INFO - Processing file /app/dags/Airflow.py for tasks to queue
[2026-06-28T15:34:04.533+0000] {logging_mixin.py:190} INFO - [2026-06-28T15:34:04.532+0000] {dagbag.py:588} INFO - Filling up the DagBag from /app/dags/Airflow.py
[2026-06-28T15:34:04.595+0000] {processor.py:925} INFO - DAG(s) 'ml_pipeline' retrieved from /app/dags/Airflow.py
[2026-06-28T15:34:04.662+0000] {logging_mixin.py:190} INFO - [2026-06-28T15:34:04.662+0000] {dag.py:3239} INFO - Sync 1 DAGs
[2026-06-28T15:34:04.716+0000] {logging_mixin.py:190} INFO - [2026-06-28T15:34:04.716+0000] {dag.py:4180} INFO - Setting next_dagrun for ml_pipeline to 2023-01-01 00:00:00+00:00, run_after=2023-02-01 00:00:00+00:00
[2026-06-28T15:34:04.829+0000] {processor.py:208} INFO - Processing /app/dags/Airflow.py took 0.313 seconds
[2026-06-28T15:34:35.043+0000] {processor.py:186} INFO - Started process (PID=292) to work on /app/dags/Airflow.py
[2026-06-28T15:34:35.045+0000] {processor.py:914} INFO - Processing file /app/dags/Airflow.py for tasks to queue
[2026-06-28T15:34:35.050+0000] {logging_mixin.py:190} INFO - [2026-06-28T15:34:35.049+0000] {dagbag.py:588} INFO - Filling up the DagBag from /app/dags/Airflow.py
[2026-06-28T15:34:35.106+0000] {processor.py:925} INFO - DAG(s) 'ml_pipeline' retrieved from /app/dags/Airflow.py
[2026-06-28T15:34:35.188+0000] {logging_mixin.py:190} INFO - [2026-06-28T15:34:35.187+0000] {dag.py:3239} INFO - Sync 1 DAGs
[2026-06-28T15:34:35.260+0000] {logging_mixin.py:190} INFO - [2026-06-28T15:34:35.259+0000] {dag.py:4180} INFO - Setting next_dagrun for ml_pipeline to 2023-01-01 00:00:00+00:00, run_after=2023-02-01 00:00:00+00:00
[2026-06-28T15:34:35.432+0000] {processor.py:208} INFO - Processing /app/dags/Airflow.py took 0.402 seconds
[2026-06-28T15:35:05.704+0000] {processor.py:186} INFO - Started process (PID=293) to work on /app/dags/Airflow.py
[2026-06-28T15:35:05.706+0000] {processor.py:914} INFO - Processing file /app/dags/Airflow.py for tasks to queue
[2026-06-28T15:35:05.723+0000] {logging_mixin.py:190} INFO - [2026-06-28T15:35:05.722+0000] {dagbag.py:588} INFO - Filling up the DagBag from /app/dags/Airflow.py
[2026-06-28T15:35:05.816+0000] {processor.py:925} INFO - DAG(s) 'ml_pipeline' retrieved from /app/dags/Airflow.py
[2026-06-28T15:35:06.032+0000] {logging_mixin.py:190} INFO - [2026-06-28T15:35:06.032+0000] {dag.py:3239} INFO - Sync 1 DAGs
[2026-06-28T15:35:06.158+0000] {logging_mixin.py:190} INFO - [2026-06-28T15:35:06.158+0000] {dag.py:4180} INFO - Setting next_dagrun for ml_pipeline to 2023-01-01 00:00:00+00:00, run_after=2023-02-01 00:00:00+00:00
[2026-06-28T15:35:06.321+0000] {processor.py:208} INFO - Processing /app/dags/Airflow.py took 0.651 seconds
[2026-06-28T15:35:36.747+0000] {processor.py:186} INFO - Started process (PID=294) to work on /app/dags/Airflow.py
[2026-06-28T15:35:36.756+0000] {processor.py:914} INFO - Processing file /app/dags/Airflow.py for tasks to queue
[2026-06-28T15:35:36.763+0000] {logging_mixin.py:190} INFO - [2026-06-28T15:35:36.762+0000] {dagbag.py:588} INFO - Filling up the DagBag from /app/dags/Airflow.py
[2026-06-28T15:35:36.853+0000] {processor.py:925} INFO - DAG(s) 'ml_pipeline' retrieved from /app/dags/Airflow.py
[2026-06-28T15:35:37.007+0000] {logging_mixin.py:190} INFO - [2026-06-28T15:35:37.007+0000] {dag.py:3239} INFO - Sync 1 DAGs
[2026-06-28T15:35:37.160+0000] {logging_mixin.py:190} INFO - [2026-06-28T15:35:37.160+0000] {dag.py:4180} INFO - Setting next_dagrun for ml_pipeline to 2023-01-01 00:00:00+00:00, run_after=2023-02-01 00:00:00+00:00
[2026-06-28T15:35:37.375+0000] {processor.py:208} INFO - Processing /app/dags/Airflow.py took 0.654 seconds
[2026-06-28T15:36:07.857+0000] {processor.py:186} INFO - Started process (PID=295) to work on /app/dags/Airflow.py
[2026-06-28T15:36:07.859+0000] {processor.py:914} INFO - Processing file /app/dags/Airflow.py for tasks to queue
[2026-06-28T15:36:07.865+0000] {logging_mixin.py:190} INFO - [2026-06-28T15:36:07.864+0000] {dagbag.py:588} INFO - Filling up the DagBag from /app/dags/Airflow.py
[2026-06-28T15:36:07.913+0000] {processor.py:925} INFO - DAG(s) 'ml_pipeline' retrieved from /app/dags/Airflow.py
[2026-06-28T15:36:07.979+0000] {logging_mixin.py:190} INFO - [2026-06-28T15:36:07.979+0000] {dag.py:3239} INFO - Sync 1 DAGs
[2026-06-28T15:36:08.031+0000] {logging_mixin.py:190} INFO - [2026-06-28T15:36:08.031+0000] {dag.py:4180} INFO - Setting next_dagrun for ml_pipeline to 2023-01-01 00:00:00+00:00, run_after=2023-02-01 00:00:00+00:00
[2026-06-28T15:36:08.177+0000] {processor.py:208} INFO - Processing /app/dags/Airflow.py took 0.335 seconds
[2026-06-28T15:36:39.385+0000] {processor.py:186} INFO - Started process (PID=296) to work on /app/dags/Airflow.py
[2026-06-28T15:36:39.387+0000] {processor.py:914} INFO - Processing file /app/dags/Airflow.py for tasks to queue
[2026-06-28T15:36:39.391+0000] {logging_mixin.py:190} INFO - [2026-06-28T15:36:39.391+0000] {dagbag.py:588} INFO - Filling up the DagBag from /app/dags/Airflow.py
[2026-06-28T15:36:39.438+0000] {processor.py:925} INFO - DAG(s) 'ml_pipeline' retrieved from /app/dags/Airflow.py
[2026-06-28T15:36:39.505+0000] {logging_mixin.py:190} INFO - [2026-06-28T15:36:39.504+0000] {dag.py:3239} INFO - Sync 1 DAGs
[2026-06-28T15:36:39.608+0000] {logging_mixin.py:190} INFO - [2026-06-28T15:36:39.607+0000] {dag.py:4180} INFO - Setting next_dagrun for ml_pipeline to 2023-01-01 00:00:00+00:00, run_after=2023-02-01 00:00:00+00:00
[2026-06-28T15:36:39.757+0000] {processor.py:208} INFO - Processing /app/dags/Airflow.py took 0.383 seconds
[2026-06-28T15:37:11.153+0000] {processor.py:186} INFO - Started process (PID=297) to work on /app/dags/Airflow.py
[2026-06-28T15:37:11.165+0000] {processor.py:914} INFO - Processing file /app/dags/Airflow.py for tasks to queue
[2026-06-28T15:37:11.171+0000] {logging_mixin.py:190} INFO - [2026-06-28T15:37:11.170+0000] {dagbag.py:588} INFO - Filling up the DagBag from /app/dags/Airflow.py
[2026-06-28T15:37:11.243+0000] {processor.py:925} INFO - DAG(s) 'ml_pipeline' retrieved from /app/dags/Airflow.py
[2026-06-28T15:37:11.358+0000] {logging_mixin.py:190} INFO - [2026-06-28T15:37:11.358+0000] {dag.py:3239} INFO - Sync 1 DAGs
[2026-06-28T15:37:11.441+0000] {logging_mixin.py:190} INFO - [2026-06-28T15:37:11.441+0000] {dag.py:4180} INFO - Setting next_dagrun for ml_pipeline to 2023-01-01 00:00:00+00:00, run_after=2023-02-01 00:00:00+00:00
[2026-06-28T15:37:11.576+0000] {processor.py:208} INFO - Processing /app/dags/Airflow.py took 0.440 seconds
[2026-06-28T15:37:42.342+0000] {processor.py:186} INFO - Started process (PID=298) to work on /app/dags/Airflow.py
[2026-06-28T15:37:42.352+0000] {processor.py:914} INFO - Processing file /app/dags/Airflow.py for tasks to queue
[2026-06-28T15:37:42.372+0000] {logging_mixin.py:190} INFO - [2026-06-28T15:37:42.367+0000] {dagbag.py:588} INFO - Filling up the DagBag from /app/dags/Airflow.py
[2026-06-28T15:37:42.513+0000] {processor.py:925} INFO - DAG(s) 'ml_pipeline' retrieved from /app/dags/Airflow.py
[2026-06-28T15:37:42.645+0000] {logging_mixin.py:190} INFO - [2026-06-28T15:37:42.644+0000] {dag.py:3239} INFO - Sync 1 DAGs
[2026-06-28T15:37:42.763+0000] {logging_mixin.py:190} INFO - [2026-06-28T15:37:42.763+0000] {dag.py:4180} INFO - Setting next_dagrun for ml_pipeline to 2023-01-01 00:00:00+00:00, run_after=2023-02-01 00:00:00+00:00
[2026-06-28T15:37:42.958+0000] {processor.py:208} INFO - Processing /app/dags/Airflow.py took 0.657 seconds
[2026-06-28T15:38:13.223+0000] {processor.py:186} INFO - Started process (PID=299) to work on /app/dags/Airflow.py
[2026-06-28T15:38:13.225+0000] {processor.py:914} INFO - Processing file /app/dags/Airflow.py for tasks to queue
[2026-06-28T15:38:13.230+0000] {logging_mixin.py:190} INFO - [2026-06-28T15:38:13.229+0000] {dagbag.py:588} INFO - Filling up the DagBag from /app/dags/Airflow.py
[2026-06-28T15:38:13.280+0000] {processor.py:925} INFO - DAG(s) 'ml_pipeline' retrieved from /app/dags/Airflow.py
[2026-06-28T15:38:13.338+0000] {logging_mixin.py:190} INFO - [2026-06-28T15:38:13.337+0000] {dag.py:3239} INFO - Sync 1 DAGs
[2026-06-28T15:38:13.385+0000] {logging_mixin.py:190} INFO - [2026-06-28T15:38:13.385+0000] {dag.py:4180} INFO - Setting next_dagrun for ml_pipeline to 2023-01-01 00:00:00+00:00, run_after=2023-02-01 00:00:00+00:00
[2026-06-28T15:38:13.496+0000] {processor.py:208} INFO - Processing /app/dags/Airflow.py took 0.291 seconds
[2026-06-28T15:38:44.578+0000] {processor.py:186} INFO - Started process (PID=300) to work on /app/dags/Airflow.py
[2026-06-28T15:38:44.580+0000] {processor.py:914} INFO - Processing file /app/dags/Airflow.py for tasks to queue
[2026-06-28T15:38:44.590+0000] {logging_mixin.py:190} INFO - [2026-06-28T15:38:44.589+0000] {dagbag.py:588} INFO - Filling up the DagBag from /app/dags/Airflow.py
[2026-06-28T15:38:44.642+0000] {processor.py:925} INFO - DAG(s) 'ml_pipeline' retrieved from /app/dags/Airflow.py
[2026-06-28T15:38:44.710+0000] {logging_mixin.py:190} INFO - [2026-06-28T15:38:44.710+0000] {dag.py:3239} INFO - Sync 1 DAGs
[2026-06-28T15:38:44.759+0000] {logging_mixin.py:190} INFO - [2026-06-28T15:38:44.759+0000] {dag.py:4180} INFO - Setting next_dagrun for ml_pipeline to 2023-01-01 00:00:00+00:00, run_after=2023-02-01 00:00:00+00:00
[2026-06-28T15:38:44.871+0000] {processor.py:208} INFO - Processing /app/dags/Airflow.py took 0.311 seconds
[2026-06-28T15:39:15.714+0000] {processor.py:186} INFO - Started process (PID=301) to work on /app/dags/Airflow.py
[2026-06-28T15:39:15.717+0000] {processor.py:914} INFO - Processing file /app/dags/Airflow.py for tasks to queue
[2026-06-28T15:39:15.722+0000] {logging_mixin.py:190} INFO - [2026-06-28T15:39:15.721+0000] {dagbag.py:588} INFO - Filling up the DagBag from /app/dags/Airflow.py
[2026-06-28T15:39:15.780+0000] {processor.py:925} INFO - DAG(s) 'ml_pipeline' retrieved from /app/dags/Airflow.py
[2026-06-28T15:39:15.907+0000] {logging_mixin.py:190} INFO - [2026-06-28T15:39:15.907+0000] {dag.py:3239} INFO - Sync 1 DAGs
[2026-06-28T15:39:15.972+0000] {logging_mixin.py:190} INFO - [2026-06-28T15:39:15.971+0000] {dag.py:4180} INFO - Setting next_dagrun for ml_pipeline to 2023-01-01 00:00:00+00:00, run_after=2023-02-01 00:00:00+00:00
[2026-06-28T15:39:16.128+0000] {processor.py:208} INFO - Processing /app/dags/Airflow.py took 0.422 seconds
[2026-06-28T15:39:47.845+0000] {processor.py:186} INFO - Started process (PID=302) to work on /app/dags/Airflow.py
[2026-06-28T15:39:47.848+0000] {processor.py:914} INFO - Processing file /app/dags/Airflow.py for tasks to queue
[2026-06-28T15:39:47.857+0000] {logging_mixin.py:190} INFO - [2026-06-28T15:39:47.856+0000] {dagbag.py:588} INFO - Filling up the DagBag from /app/dags/Airflow.py
[2026-06-28T15:39:47.925+0000] {processor.py:925} INFO - DAG(s) 'ml_pipeline' retrieved from /app/dags/Airflow.py
[2026-06-28T15:39:48.036+0000] {logging_mixin.py:190} INFO - [2026-06-28T15:39:48.035+0000] {dag.py:3239} INFO - Sync 1 DAGs
[2026-06-28T15:39:48.109+0000] {logging_mixin.py:190} INFO - [2026-06-28T15:39:48.109+0000] {dag.py:4180} INFO - Setting next_dagrun for ml_pipeline to 2023-01-01 00:00:00+00:00, run_after=2023-02-01 00:00:00+00:00
[2026-06-28T15:39:48.234+0000] {processor.py:208} INFO - Processing /app/dags/Airflow.py took 0.403 seconds
[2026-06-28T15:40:19.401+0000] {processor.py:186} INFO - Started process (PID=303) to work on /app/dags/Airflow.py
[2026-06-28T15:40:19.422+0000] {processor.py:914} INFO - Processing file /app/dags/Airflow.py for tasks to queue
[2026-06-28T15:40:19.445+0000] {logging_mixin.py:190} INFO - [2026-06-28T15:40:19.444+0000] {dagbag.py:588} INFO - Filling up the DagBag from /app/dags/Airflow.py
[2026-06-28T15:40:19.614+0000] {processor.py:925} INFO - DAG(s) 'ml_pipeline' retrieved from /app/dags/Airflow.py
[2026-06-28T15:40:19.854+0000] {logging_mixin.py:190} INFO - [2026-06-28T15:40:19.853+0000] {dag.py:3239} INFO - Sync 1 DAGs
[2026-06-28T15:40:19.964+0000] {logging_mixin.py:190} INFO - [2026-06-28T15:40:19.964+0000] {dag.py:4180} INFO - Setting next_dagrun for ml_pipeline to 2023-01-01 00:00:00+00:00, run_after=2023-02-01 00:00:00+00:00
[2026-06-28T15:40:20.189+0000] {processor.py:208} INFO - Processing /app/dags/Airflow.py took 0.813 seconds
[2026-06-28T15:40:51.607+0000] {processor.py:186} INFO - Started process (PID=304) to work on /app/dags/Airflow.py
[2026-06-28T15:40:51.616+0000] {processor.py:914} INFO - Processing file /app/dags/Airflow.py for tasks to queue
[2026-06-28T15:40:51.625+0000] {logging_mixin.py:190} INFO - [2026-06-28T15:40:51.624+0000] {dagbag.py:588} INFO - Filling up the DagBag from /app/dags/Airflow.py
[2026-06-28T15:40:51.858+0000] {processor.py:925} INFO - DAG(s) 'ml_pipeline' retrieved from /app/dags/Airflow.py
[2026-06-28T15:40:52.169+0000] {logging_mixin.py:190} INFO - [2026-06-28T15:40:52.168+0000] {dag.py:3239} INFO - Sync 1 DAGs
[2026-06-28T15:40:52.474+0000] {logging_mixin.py:190} INFO - [2026-06-28T15:40:52.473+0000] {dag.py:4180} INFO - Setting next_dagrun for ml_pipeline to 2023-01-01 00:00:00+00:00, run_after=2023-02-01 00:00:00+00:00
[2026-06-28T15:40:53.200+0000] {processor.py:208} INFO - Processing /app/dags/Airflow.py took 1.627 seconds
[2026-06-28T15:41:24.159+0000] {processor.py:186} INFO - Started process (PID=305) to work on /app/dags/Airflow.py
[2026-06-28T15:41:24.161+0000] {processor.py:914} INFO - Processing file /app/dags/Airflow.py for tasks to queue
[2026-06-28T15:41:24.165+0000] {logging_mixin.py:190} INFO - [2026-06-28T15:41:24.164+0000] {dagbag.py:588} INFO - Filling up the DagBag from /app/dags/Airflow.py
[2026-06-28T15:41:24.212+0000] {processor.py:925} INFO - DAG(s) 'ml_pipeline' retrieved from /app/dags/Airflow.py
[2026-06-28T15:41:24.278+0000] {logging_mixin.py:190} INFO - [2026-06-28T15:41:24.278+0000] {dag.py:3239} INFO - Sync 1 DAGs
[2026-06-28T15:41:24.374+0000] {logging_mixin.py:190} INFO - [2026-06-28T15:41:24.373+0000] {dag.py:4180} INFO - Setting next_dagrun for ml_pipeline to 2023-01-01 00:00:00+00:00, run_after=2023-02-01 00:00:00+00:00
[2026-06-28T15:41:24.503+0000] {processor.py:208} INFO - Processing /app/dags/Airflow.py took 0.355 seconds
[2026-06-28T15:42:01.536+0000] {processor.py:186} INFO - Started process (PID=306) to work on /app/dags/Airflow.py
[2026-06-28T15:42:01.578+0000] {processor.py:914} INFO - Processing file /app/dags/Airflow.py for tasks to queue
[2026-06-28T15:42:01.610+0000] {logging_mixin.py:190} INFO - [2026-06-28T15:42:01.608+0000] {dagbag.py:588} INFO - Filling up the DagBag from /app/dags/Airflow.py
[2026-06-28T15:42:02.004+0000] {processor.py:925} INFO - DAG(s) 'ml_pipeline' retrieved from /app/dags/Airflow.py
[2026-06-28T15:42:02.409+0000] {logging_mixin.py:190} INFO - [2026-06-28T15:42:02.409+0000] {dag.py:3239} INFO - Sync 1 DAGs
[2026-06-28T15:42:02.703+0000] {logging_mixin.py:190} INFO - [2026-06-28T15:42:02.702+0000] {dag.py:4180} INFO - Setting next_dagrun for ml_pipeline to 2023-01-01 00:00:00+00:00, run_after=2023-02-01 00:00:00+00:00
[2026-06-28T15:42:03.945+0000] {processor.py:208} INFO - Processing /app/dags/Airflow.py took 2.453 seconds
[2026-06-28T15:42:34.946+0000] {processor.py:186} INFO - Started process (PID=307) to work on /app/dags/Airflow.py
[2026-06-28T15:42:34.950+0000] {processor.py:914} INFO - Processing file /app/dags/Airflow.py for tasks to queue
[2026-06-28T15:42:34.960+0000] {logging_mixin.py:190} INFO - [2026-06-28T15:42:34.956+0000] {dagbag.py:588} INFO - Filling up the DagBag from /app/dags/Airflow.py
[2026-06-28T15:42:35.033+0000] {processor.py:925} INFO - DAG(s) 'ml_pipeline' retrieved from /app/dags/Airflow.py
[2026-06-28T15:42:35.238+0000] {logging_mixin.py:190} INFO - [2026-06-28T15:42:35.237+0000] {dag.py:3239} INFO - Sync 1 DAGs
[2026-06-28T15:42:35.339+0000] {logging_mixin.py:190} INFO - [2026-06-28T15:42:35.339+0000] {dag.py:4180} INFO - Setting next_dagrun for ml_pipeline to 2023-01-01 00:00:00+00:00, run_after=2023-02-01 00:00:00+00:00
[2026-06-28T15:42:35.451+0000] {processor.py:208} INFO - Processing /app/dags/Airflow.py took 0.525 seconds
[2026-06-28T15:43:06.412+0000] {processor.py:186} INFO - Started process (PID=308) to work on /app/dags/Airflow.py
[2026-06-28T15:43:06.417+0000] {processor.py:914} INFO - Processing file /app/dags/Airflow.py for tasks to queue
[2026-06-28T15:43:06.423+0000] {logging_mixin.py:190} INFO - [2026-06-28T15:43:06.422+0000] {dagbag.py:588} INFO - Filling up the DagBag from /app/dags/Airflow.py
[2026-06-28T15:43:06.485+0000] {processor.py:925} INFO - DAG(s) 'ml_pipeline' retrieved from /app/dags/Airflow.py
[2026-06-28T15:43:06.563+0000] {logging_mixin.py:190} INFO - [2026-06-28T15:43:06.563+0000] {dag.py:3239} INFO - Sync 1 DAGs
[2026-06-28T15:43:06.618+0000] {logging_mixin.py:190} INFO - [2026-06-28T15:43:06.617+0000] {dag.py:4180} INFO - Setting next_dagrun for ml_pipeline to 2023-01-01 00:00:00+00:00, run_after=2023-02-01 00:00:00+00:00
[2026-06-28T15:43:06.756+0000] {processor.py:208} INFO - Processing /app/dags/Airflow.py took 0.354 seconds
[2026-06-28T15:43:38.591+0000] {processor.py:186} INFO - Started process (PID=309) to work on /app/dags/Airflow.py
[2026-06-28T15:43:38.594+0000] {processor.py:914} INFO - Processing file /app/dags/Airflow.py for tasks to queue
[2026-06-28T15:43:38.604+0000] {logging_mixin.py:190} INFO - [2026-06-28T15:43:38.603+0000] {dagbag.py:588} INFO - Filling up the DagBag from /app/dags/Airflow.py
[2026-06-28T15:43:38.787+0000] {processor.py:925} INFO - DAG(s) 'ml_pipeline' retrieved from /app/dags/Airflow.py
[2026-06-28T15:43:39.193+0000] {logging_mixin.py:190} INFO - [2026-06-28T15:43:39.193+0000] {dag.py:3239} INFO - Sync 1 DAGs
[2026-06-28T15:43:39.361+0000] {logging_mixin.py:190} INFO - [2026-06-28T15:43:39.359+0000] {dag.py:4180} INFO - Setting next_dagrun for ml_pipeline to 2023-01-01 00:00:00+00:00, run_after=2023-02-01 00:00:00+00:00
[2026-06-28T15:43:39.628+0000] {processor.py:208} INFO - Processing /app/dags/Airflow.py took 1.061 seconds
[2026-06-28T15:44:10.168+0000] {processor.py:186} INFO - Started process (PID=310) to work on /app/dags/Airflow.py
[2026-06-28T15:44:10.171+0000] {processor.py:914} INFO - Processing file /app/dags/Airflow.py for tasks to queue
[2026-06-28T15:44:10.175+0000] {logging_mixin.py:190} INFO - [2026-06-28T15:44:10.175+0000] {dagbag.py:588} INFO - Filling up the DagBag from /app/dags/Airflow.py
[2026-06-28T15:44:10.223+0000] {processor.py:925} INFO - DAG(s) 'ml_pipeline' retrieved from /app/dags/Airflow.py
[2026-06-28T15:44:10.283+0000] {logging_mixin.py:190} INFO - [2026-06-28T15:44:10.283+0000] {dag.py:3239} INFO - Sync 1 DAGs
[2026-06-28T15:44:10.329+0000] {logging_mixin.py:190} INFO - [2026-06-28T15:44:10.329+0000] {dag.py:4180} INFO - Setting next_dagrun for ml_pipeline to 2023-01-01 00:00:00+00:00, run_after=2023-02-01 00:00:00+00:00
[2026-06-28T15:44:10.444+0000] {processor.py:208} INFO - Processing /app/dags/Airflow.py took 0.289 seconds
[2026-06-28T15:44:40.690+0000] {processor.py:186} INFO - Started process (PID=311) to work on /app/dags/Airflow.py
[2026-06-28T15:44:40.693+0000] {processor.py:914} INFO - Processing file /app/dags/Airflow.py for tasks to queue
[2026-06-28T15:44:40.696+0000] {logging_mixin.py:190} INFO - [2026-06-28T15:44:40.696+0000] {dagbag.py:588} INFO - Filling up the DagBag from /app/dags/Airflow.py
[2026-06-28T15:44:40.741+0000] {processor.py:925} INFO - DAG(s) 'ml_pipeline' retrieved from /app/dags/Airflow.py
[2026-06-28T15:44:40.819+0000] {logging_mixin.py:190} INFO - [2026-06-28T15:44:40.819+0000] {dag.py:3239} INFO - Sync 1 DAGs
[2026-06-28T15:44:40.898+0000] {logging_mixin.py:190} INFO - [2026-06-28T15:44:40.898+0000] {dag.py:4180} INFO - Setting next_dagrun for ml_pipeline to 2023-01-01 00:00:00+00:00, run_after=2023-02-01 00:00:00+00:00
[2026-06-28T15:44:41.137+0000] {processor.py:208} INFO - Processing /app/dags/Airflow.py took 0.457 seconds
[2026-06-28T15:45:11.740+0000] {processor.py:186} INFO - Started process (PID=312) to work on /app/dags/Airflow.py
[2026-06-28T15:45:11.742+0000] {processor.py:914} INFO - Processing file /app/dags/Airflow.py for tasks to queue
[2026-06-28T15:45:11.751+0000] {logging_mixin.py:190} INFO - [2026-06-28T15:45:11.748+0000] {dagbag.py:588} INFO - Filling up the DagBag from /app/dags/Airflow.py
[2026-06-28T15:45:11.803+0000] {processor.py:925} INFO - DAG(s) 'ml_pipeline' retrieved from /app/dags/Airflow.py
[2026-06-28T15:45:11.870+0000] {logging_mixin.py:190} INFO - [2026-06-28T15:45:11.870+0000] {dag.py:3239} INFO - Sync 1 DAGs
[2026-06-28T15:45:11.920+0000] {logging_mixin.py:190} INFO - [2026-06-28T15:45:11.920+0000] {dag.py:4180} INFO - Setting next_dagrun for ml_pipeline to 2023-01-01 00:00:00+00:00, run_after=2023-02-01 00:00:00+00:00
[2026-06-28T15:45:12.023+0000] {processor.py:208} INFO - Processing /app/dags/Airflow.py took 0.315 seconds
[2026-06-28T15:45:42.262+0000] {processor.py:186} INFO - Started process (PID=313) to work on /app/dags/Airflow.py
[2026-06-28T15:45:42.264+0000] {processor.py:914} INFO - Processing file /app/dags/Airflow.py for tasks to queue
[2026-06-28T15:45:42.269+0000] {logging_mixin.py:190} INFO - [2026-06-28T15:45:42.269+0000] {dagbag.py:588} INFO - Filling up the DagBag from /app/dags/Airflow.py
[2026-06-28T15:45:42.312+0000] {processor.py:925} INFO - DAG(s) 'ml_pipeline' retrieved from /app/dags/Airflow.py
[2026-06-28T15:45:42.368+0000] {logging_mixin.py:190} INFO - [2026-06-28T15:45:42.367+0000] {dag.py:3239} INFO - Sync 1 DAGs
[2026-06-28T15:45:42.412+0000] {logging_mixin.py:190} INFO - [2026-06-28T15:45:42.412+0000] {dag.py:4180} INFO - Setting next_dagrun for ml_pipeline to 2023-01-01 00:00:00+00:00, run_after=2023-02-01 00:00:00+00:00
[2026-06-28T15:45:42.509+0000] {processor.py:208} INFO - Processing /app/dags/Airflow.py took 0.258 seconds
[2026-06-28T15:46:13.003+0000] {processor.py:186} INFO - Started process (PID=314) to work on /app/dags/Airflow.py
[2026-06-28T15:46:13.007+0000] {processor.py:914} INFO - Processing file /app/dags/Airflow.py for tasks to queue
[2026-06-28T15:46:13.015+0000] {logging_mixin.py:190} INFO - [2026-06-28T15:46:13.013+0000] {dagbag.py:588} INFO - Filling up the DagBag from /app/dags/Airflow.py
[2026-06-28T15:46:13.076+0000] {processor.py:925} INFO - DAG(s) 'ml_pipeline' retrieved from /app/dags/Airflow.py
[2026-06-28T15:46:13.191+0000] {logging_mixin.py:190} INFO - [2026-06-28T15:46:13.190+0000] {dag.py:3239} INFO - Sync 1 DAGs
[2026-06-28T15:46:13.341+0000] {logging_mixin.py:190} INFO - [2026-06-28T15:46:13.340+0000] {dag.py:4180} INFO - Setting next_dagrun for ml_pipeline to 2023-01-01 00:00:00+00:00, run_after=2023-02-01 00:00:00+00:00
[2026-06-28T15:46:13.558+0000] {processor.py:208} INFO - Processing /app/dags/Airflow.py took 0.574 seconds
[2026-06-28T15:46:44.072+0000] {processor.py:186} INFO - Started process (PID=315) to work on /app/dags/Airflow.py
[2026-06-28T15:46:44.075+0000] {processor.py:914} INFO - Processing file /app/dags/Airflow.py for tasks to queue
[2026-06-28T15:46:44.080+0000] {logging_mixin.py:190} INFO - [2026-06-28T15:46:44.080+0000] {dagbag.py:588} INFO - Filling up the DagBag from /app/dags/Airflow.py
[2026-06-28T15:46:44.132+0000] {processor.py:925} INFO - DAG(s) 'ml_pipeline' retrieved from /app/dags/Airflow.py
[2026-06-28T15:46:44.210+0000] {logging_mixin.py:190} INFO - [2026-06-28T15:46:44.209+0000] {dag.py:3239} INFO - Sync 1 DAGs
[2026-06-28T15:46:44.278+0000] {logging_mixin.py:190} INFO - [2026-06-28T15:46:44.277+0000] {dag.py:4180} INFO - Setting next_dagrun for ml_pipeline to 2023-01-01 00:00:00+00:00, run_after=2023-02-01 00:00:00+00:00
[2026-06-28T15:46:44.406+0000] {processor.py:208} INFO - Processing /app/dags/Airflow.py took 0.346 seconds
[2026-06-28T15:47:14.795+0000] {processor.py:186} INFO - Started process (PID=316) to work on /app/dags/Airflow.py
[2026-06-28T15:47:14.798+0000] {processor.py:914} INFO - Processing file /app/dags/Airflow.py for tasks to queue
[2026-06-28T15:47:14.803+0000] {logging_mixin.py:190} INFO - [2026-06-28T15:47:14.802+0000] {dagbag.py:588} INFO - Filling up the DagBag from /app/dags/Airflow.py
[2026-06-28T15:47:14.848+0000] {processor.py:925} INFO - DAG(s) 'ml_pipeline' retrieved from /app/dags/Airflow.py
[2026-06-28T15:47:14.919+0000] {logging_mixin.py:190} INFO - [2026-06-28T15:47:14.918+0000] {dag.py:3239} INFO - Sync 1 DAGs
[2026-06-28T15:47:14.964+0000] {logging_mixin.py:190} INFO - [2026-06-28T15:47:14.964+0000] {dag.py:4180} INFO - Setting next_dagrun for ml_pipeline to 2023-01-01 00:00:00+00:00, run_after=2023-02-01 00:00:00+00:00
[2026-06-28T15:47:15.073+0000] {processor.py:208} INFO - Processing /app/dags/Airflow.py took 0.289 seconds
[2026-06-28T15:47:45.450+0000] {processor.py:186} INFO - Started process (PID=317) to work on /app/dags/Airflow.py
[2026-06-28T15:47:45.452+0000] {processor.py:914} INFO - Processing file /app/dags/Airflow.py for tasks to queue
[2026-06-28T15:47:45.456+0000] {logging_mixin.py:190} INFO - [2026-06-28T15:47:45.456+0000] {dagbag.py:588} INFO - Filling up the DagBag from /app/dags/Airflow.py
[2026-06-28T15:47:45.514+0000] {processor.py:925} INFO - DAG(s) 'ml_pipeline' retrieved from /app/dags/Airflow.py
[2026-06-28T15:47:45.631+0000] {logging_mixin.py:190} INFO - [2026-06-28T15:47:45.630+0000] {dag.py:3239} INFO - Sync 1 DAGs
[2026-06-28T15:47:45.723+0000] {logging_mixin.py:190} INFO - [2026-06-28T15:47:45.723+0000] {dag.py:4180} INFO - Setting next_dagrun for ml_pipeline to 2023-01-01 00:00:00+00:00, run_after=2023-02-01 00:00:00+00:00
[2026-06-28T15:47:46.081+0000] {processor.py:208} INFO - Processing /app/dags/Airflow.py took 0.642 seconds
[2026-06-28T15:48:17.450+0000] {processor.py:186} INFO - Started process (PID=318) to work on /app/dags/Airflow.py
[2026-06-28T15:48:17.452+0000] {processor.py:914} INFO - Processing file /app/dags/Airflow.py for tasks to queue
[2026-06-28T15:48:17.457+0000] {logging_mixin.py:190} INFO - [2026-06-28T15:48:17.457+0000] {dagbag.py:588} INFO - Filling up the DagBag from /app/dags/Airflow.py
[2026-06-28T15:48:17.510+0000] {processor.py:925} INFO - DAG(s) 'ml_pipeline' retrieved from /app/dags/Airflow.py
[2026-06-28T15:48:17.588+0000] {logging_mixin.py:190} INFO - [2026-06-28T15:48:17.587+0000] {dag.py:3239} INFO - Sync 1 DAGs
[2026-06-28T15:48:17.656+0000] {logging_mixin.py:190} INFO - [2026-06-28T15:48:17.655+0000] {dag.py:4180} INFO - Setting next_dagrun for ml_pipeline to 2023-01-01 00:00:00+00:00, run_after=2023-02-01 00:00:00+00:00
[2026-06-28T15:48:17.788+0000] {processor.py:208} INFO - Processing /app/dags/Airflow.py took 0.346 seconds
[2026-06-28T15:48:48.451+0000] {processor.py:186} INFO - Started process (PID=319) to work on /app/dags/Airflow.py
[2026-06-28T15:48:48.455+0000] {processor.py:914} INFO - Processing file /app/dags/Airflow.py for tasks to queue
[2026-06-28T15:48:48.462+0000] {logging_mixin.py:190} INFO - [2026-06-28T15:48:48.461+0000] {dagbag.py:588} INFO - Filling up the DagBag from /app/dags/Airflow.py
[2026-06-28T15:48:48.567+0000] {processor.py:925} INFO - DAG(s) 'ml_pipeline' retrieved from /app/dags/Airflow.py
[2026-06-28T15:48:48.671+0000] {logging_mixin.py:190} INFO - [2026-06-28T15:48:48.670+0000] {dag.py:3239} INFO - Sync 1 DAGs
[2026-06-28T15:48:48.799+0000] {logging_mixin.py:190} INFO - [2026-06-28T15:48:48.798+0000] {dag.py:4180} INFO - Setting next_dagrun for ml_pipeline to 2023-01-01 00:00:00+00:00, run_after=2023-02-01 00:00:00+00:00
[2026-06-28T15:48:48.944+0000] {processor.py:208} INFO - Processing /app/dags/Airflow.py took 0.512 seconds
[2026-06-28T15:49:20.978+0000] {processor.py:186} INFO - Started process (PID=320) to work on /app/dags/Airflow.py
[2026-06-28T15:49:20.980+0000] {processor.py:914} INFO - Processing file /app/dags/Airflow.py for tasks to queue
[2026-06-28T15:49:20.984+0000] {logging_mixin.py:190} INFO - [2026-06-28T15:49:20.984+0000] {dagbag.py:588} INFO - Filling up the DagBag from /app/dags/Airflow.py
[2026-06-28T15:49:21.028+0000] {processor.py:925} INFO - DAG(s) 'ml_pipeline' retrieved from /app/dags/Airflow.py
[2026-06-28T15:49:21.080+0000] {logging_mixin.py:190} INFO - [2026-06-28T15:49:21.080+0000] {dag.py:3239} INFO - Sync 1 DAGs
[2026-06-28T15:49:21.122+0000] {logging_mixin.py:190} INFO - [2026-06-28T15:49:21.121+0000] {dag.py:4180} INFO - Setting next_dagrun for ml_pipeline to 2023-01-01 00:00:00+00:00, run_after=2023-02-01 00:00:00+00:00
[2026-06-28T15:49:21.218+0000] {processor.py:208} INFO - Processing /app/dags/Airflow.py took 0.250 seconds
